Archive member included to satisfy reference by file (symbol)

/usr/pack/riscv-1.0-kgf/pulp-gcc-2.5.0-rc1/bin/../lib/gcc/riscv32-unknown-elf/9.2.0/../../../../riscv32-unknown-elf/lib/libc_nano.a(lib_a-abort.o)
                              target/control-pulp/system.o (abort)
/usr/pack/riscv-1.0-kgf/pulp-gcc-2.5.0-rc1/bin/../lib/gcc/riscv32-unknown-elf/9.2.0/../../../../riscv32-unknown-elf/lib/libc_nano.a(lib_a-assert.o)
                              kernel/event_groups.o (__assert_func)
/usr/pack/riscv-1.0-kgf/pulp-gcc-2.5.0-rc1/bin/../lib/gcc/riscv32-unknown-elf/9.2.0/../../../../riscv32-unknown-elf/lib/libc_nano.a(lib_a-atexit.o)
                              target/control-pulp/crt0.o (atexit)
/usr/pack/riscv-1.0-kgf/pulp-gcc-2.5.0-rc1/bin/../lib/gcc/riscv32-unknown-elf/9.2.0/../../../../riscv32-unknown-elf/lib/libc_nano.a(lib_a-exit.o)
                              target/control-pulp/crt0.o (exit)
/usr/pack/riscv-1.0-kgf/pulp-gcc-2.5.0-rc1/bin/../lib/gcc/riscv32-unknown-elf/9.2.0/../../../../riscv32-unknown-elf/lib/libc_nano.a(lib_a-fini.o)
                              target/control-pulp/crt0.o (__libc_fini_array)
/usr/pack/riscv-1.0-kgf/pulp-gcc-2.5.0-rc1/bin/../lib/gcc/riscv32-unknown-elf/9.2.0/../../../../riscv32-unknown-elf/lib/libc_nano.a(lib_a-fprintf.o)
                              /usr/pack/riscv-1.0-kgf/pulp-gcc-2.5.0-rc1/bin/../lib/gcc/riscv32-unknown-elf/9.2.0/../../../../riscv32-unknown-elf/lib/libc_nano.a(lib_a-assert.o) (fiprintf)
/usr/pack/riscv-1.0-kgf/pulp-gcc-2.5.0-rc1/bin/../lib/gcc/riscv32-unknown-elf/9.2.0/../../../../riscv32-unknown-elf/lib/libc_nano.a(lib_a-impure.o)
                              /usr/pack/riscv-1.0-kgf/pulp-gcc-2.5.0-rc1/bin/../lib/gcc/riscv32-unknown-elf/9.2.0/../../../../riscv32-unknown-elf/lib/libc_nano.a(lib_a-exit.o) (_global_impure_ptr)
/usr/pack/riscv-1.0-kgf/pulp-gcc-2.5.0-rc1/bin/../lib/gcc/riscv32-unknown-elf/9.2.0/../../../../riscv32-unknown-elf/lib/libc_nano.a(lib_a-init.o)
                              target/control-pulp/crt0.o (__libc_init_array)
/usr/pack/riscv-1.0-kgf/pulp-gcc-2.5.0-rc1/bin/../lib/gcc/riscv32-unknown-elf/9.2.0/../../../../riscv32-unknown-elf/lib/libc_nano.a(lib_a-malloc.o)
                              kernel/portable/MemMang/heap_3.o (malloc)
/usr/pack/riscv-1.0-kgf/pulp-gcc-2.5.0-rc1/bin/../lib/gcc/riscv32-unknown-elf/9.2.0/../../../../riscv32-unknown-elf/lib/libc_nano.a(lib_a-memcpy-asm.o)
                              kernel/queue.o (memcpy)
/usr/pack/riscv-1.0-kgf/pulp-gcc-2.5.0-rc1/bin/../lib/gcc/riscv32-unknown-elf/9.2.0/../../../../riscv32-unknown-elf/lib/libc_nano.a(lib_a-memset.o)
                              kernel/stream_buffer.o (memset)
/usr/pack/riscv-1.0-kgf/pulp-gcc-2.5.0-rc1/bin/../lib/gcc/riscv32-unknown-elf/9.2.0/../../../../riscv32-unknown-elf/lib/libc_nano.a(lib_a-nano-freer.o)
                              /usr/pack/riscv-1.0-kgf/pulp-gcc-2.5.0-rc1/bin/../lib/gcc/riscv32-unknown-elf/9.2.0/../../../../riscv32-unknown-elf/lib/libc_nano.a(lib_a-malloc.o) (_free_r)
/usr/pack/riscv-1.0-kgf/pulp-gcc-2.5.0-rc1/bin/../lib/gcc/riscv32-unknown-elf/9.2.0/../../../../riscv32-unknown-elf/lib/libc_nano.a(lib_a-nano-mallocr.o)
                              /usr/pack/riscv-1.0-kgf/pulp-gcc-2.5.0-rc1/bin/../lib/gcc/riscv32-unknown-elf/9.2.0/../../../../riscv32-unknown-elf/lib/libc_nano.a(lib_a-malloc.o) (_malloc_r)
/usr/pack/riscv-1.0-kgf/pulp-gcc-2.5.0-rc1/bin/../lib/gcc/riscv32-unknown-elf/9.2.0/../../../../riscv32-unknown-elf/lib/libc_nano.a(lib_a-nano-vfprintf.o)
                              /usr/pack/riscv-1.0-kgf/pulp-gcc-2.5.0-rc1/bin/../lib/gcc/riscv32-unknown-elf/9.2.0/../../../../riscv32-unknown-elf/lib/libc_nano.a(lib_a-fprintf.o) (_vfprintf_r)
/usr/pack/riscv-1.0-kgf/pulp-gcc-2.5.0-rc1/bin/../lib/gcc/riscv32-unknown-elf/9.2.0/../../../../riscv32-unknown-elf/lib/libc_nano.a(lib_a-printf.o)
                              libc/malloc/malloc_internal.o (printf)
/usr/pack/riscv-1.0-kgf/pulp-gcc-2.5.0-rc1/bin/../lib/gcc/riscv32-unknown-elf/9.2.0/../../../../riscv32-unknown-elf/lib/libc_nano.a(lib_a-putchar.o)
                              libc/malloc/malloc_internal.o (putchar)
/usr/pack/riscv-1.0-kgf/pulp-gcc-2.5.0-rc1/bin/../lib/gcc/riscv32-unknown-elf/9.2.0/../../../../riscv32-unknown-elf/lib/libc_nano.a(lib_a-putc.o)
                              /usr/pack/riscv-1.0-kgf/pulp-gcc-2.5.0-rc1/bin/../lib/gcc/riscv32-unknown-elf/9.2.0/../../../../riscv32-unknown-elf/lib/libc_nano.a(lib_a-putchar.o) (_putc_r)
/usr/pack/riscv-1.0-kgf/pulp-gcc-2.5.0-rc1/bin/../lib/gcc/riscv32-unknown-elf/9.2.0/../../../../riscv32-unknown-elf/lib/libc_nano.a(lib_a-puts.o)
                              libc/malloc/cl_l1_malloc.o (puts)
/usr/pack/riscv-1.0-kgf/pulp-gcc-2.5.0-rc1/bin/../lib/gcc/riscv32-unknown-elf/9.2.0/../../../../riscv32-unknown-elf/lib/libc_nano.a(lib_a-reent.o)
                              kernel/tasks.o (_reclaim_reent)
[...]
Memory Configuration

Name             Origin             Length             Attributes
L2               0x000000001c000004 0x000000000007fffc
L2_aliased       0x0000000000000004 0x0000000000003ffc
L1               0x0000000010000004 0x000000000000fffc
L1_aliased       0x0000000000000004 0x000000000000fffc
*default*        0x0000000000000000 0xffffffffffffffff

Linker script and memory map

LOAD kernel/event_groups.o
LOAD kernel/list.o
LOAD kernel/queue.o
LOAD kernel/stream_buffer.o
LOAD kernel/tasks.o
LOAD kernel/timers.o
LOAD kernel/portable/GCC/RISC-V/port.o
LOAD kernel/portable/GCC/RISC-V/portASM.o
LOAD kernel/portable/MemMang/heap_3.o
LOAD libc/syscalls.o
LOAD libc/pulp_malloc.o
LOAD libc/malloc/cl_l1_malloc.o
LOAD libc/malloc/malloc_internal.o
LOAD target/control-pulp/crt0.o
LOAD target/control-pulp/system.o
LOAD target/control-pulp/vectors.o
LOAD target/control-pulp/cluster.o
LOAD drivers/uart.o
LOAD drivers/spi.o
LOAD drivers/i2c.o
LOAD drivers/clkconst.o
LOAD drivers/cluster/cl_to_fc_delegate.o
LOAD drivers/cluster/fc_to_cl_delegate.o
LOAD drivers/timer_irq.o
LOAD drivers/clic.o
LOAD drivers/soc_eu.o
LOAD drivers/gpio.o
LOAD drivers/pinmux.o
LOAD drivers/fc_event.o
LOAD drivers/pmsis_task.o
LOAD drivers/device.o
LOAD handler.o
LOAD clic-mbox-ps-freertos.o
LOAD /usr/pack/riscv-1.0-kgf/pulp-gcc-2.5.0-rc1/bin/../lib/gcc/riscv32-unknown-elf/9.2.0/../../../../riscv32-unknown-elf/lib/libc_nano.a
LOAD /usr/pack/riscv-1.0-kgf/pulp-gcc-2.5.0-rc1/bin/../lib/gcc/riscv32-unknown-elf/9.2.0/../../../../riscv32-unknown-elf/lib/libm_nano.a
LOAD /usr/pack/riscv-1.0-kgf/pulp-gcc-2.5.0-rc1/bin/../lib/gcc/riscv32-unknown-elf/9.2.0/libgcc.a
                0x000000001c000880                PROVIDE (__boot_address = 0x1c000880)
                0x0000000000000800                __stack_size = DEFINED (__stack_size)?__stack_size:0x800
                [!provide]                        PROVIDE (__stack_size = __stack_size)
                [0x0000000000000000]                __heap_size = DEFINED (__heap_size)?__heap_size:0x400
                [!provide]                        PROVIDE (__heap_size = __heap_size)

.data_tiny_fc   0x0000000000000004        0xc load address 0x000000001c000004
                0x0000000000000010                . = ALIGN (0x10)
 *fill*         0x0000000000000004        0xc 
 *(.data_tiny_fc)
 *(.data_tiny_fc.*)
                0x0000000000000010                . = ALIGN (0x10)
                0x0000000000000010                __l1FcShared_start = .
 *(.l1FcTiny)
 *(.l1FcTiny.*)
                0x0000000000000010                __l1FcShared_end = .
                0x0000000000000000                __l1FcShared_size = (__l1FcShared_end - __l1FcShared_start)

.init
 *(.init)

.vectors        0x000000001c000400      0x400
                0x000000001c000400                __irq_vector_base = .
                0x000000001c000400                __vector_start = .
 *(.vectors)
 .vectors       0x000000001c000400      0x400 target/control-pulp/vectors.o

.text           0x000000001c000880     0x3640
                0x000000001c000880                _stext = .
 *(.text.start)
 .text.start    0x000000001c000880       0x6e target/control-pulp/crt0.o
                0x000000001c000880                _start
                0x000000001c0008ec                _init
                0x000000001c0008ec                _fini
 *(.text)
 *fill*         0x000000001c0008ee       0x12 
 .text          0x000000001c000900      0x542 kernel/portable/GCC/RISC-V/portASM.o
                0x000000001c000900                freertos_risc_v_trap_handler
                0x000000001c000b00                freertos_risc_v_ctxt_handler
                0x000000001c000d00                xPortStartFirstTask
                0x000000001c000e00                pxPortInitialiseStack
 .text          0x000000001c000e42      0x120 target/control-pulp/cluster.o
                0x000000001c000e42                cluster_exec_loop
                0x000000001c000f54                cl_slave_stack_setup
 .text          0x000000001c000f62       0x2e drivers/fc_event.o
                0x000000001c000f62                fc_soc_event_handler
 .text          0x000000001c000f90       0x16 /usr/pack/riscv-1.0-kgf/pulp-gcc-2.5.0-rc1/bin/../lib/gcc/riscv32-unknown-elf/9.2.0/../../../../riscv32-unknown-elf/lib/libc_nano.a(lib_a-memcpy-asm.o)
                0x000000001c000f90                memcpy
 .text          0x000000001c000fa6       0x10 /usr/pack/riscv-1.0-kgf/pulp-gcc-2.5.0-rc1/bin/../lib/gcc/riscv32-unknown-elf/9.2.0/../../../../riscv32-unknown-elf/lib/libc_nano.a(lib_a-memset.o)
                0x000000001c000fa6                memset
 *(.text.*)
 .text.vListInsertEnd
                0x000000001c000fb6       0x16 kernel/list.o
                0x000000001c000fb6                vListInsertEnd
 .text.vListInsert
                0x000000001c000fcc       0x2c kernel/list.o
                0x000000001c000fcc                vListInsert
 .text.uxListRemove
                0x000000001c000ff8       0x26 kernel/list.o
                0x000000001c000ff8                uxListRemove
 .text.prvResetNextTaskUnblockTime
                0x000000001c00101e       0x20 kernel/tasks.o
 .text.prvAddCurrentTaskToDelayedList
                0x000000001c00103e       0x94 kernel/tasks.o
 .text.vTaskSuspendAll
                0x000000001c0010d2        0xc kernel/tasks.o
                0x000000001c0010d2                vTaskSuspendAll
 .text.xTaskIncrementTick
                0x000000001c0010de      0x12e kernel/tasks.o
                0x000000001c0010de                xTaskIncrementTick
 .text.vTaskSwitchContext
                0x000000001c00120c      0x10a kernel/tasks.o
                0x000000001c00120c                vTaskSwitchContext
 .text.vTaskEnterCritical
                0x000000001c001316       0x1a kernel/tasks.o
                0x000000001c001316                vTaskEnterCritical
 .text.vTaskExitCritical
                0x000000001c001330       0x26 kernel/tasks.o
                0x000000001c001330                vTaskExitCritical
 .text.xTaskResumeAll
                0x000000001c001356       0xf6 kernel/tasks.o
                0x000000001c001356                xTaskResumeAll
 .text.vTaskDelay
                0x000000001c00144c       0x52 kernel/tasks.o
                0x000000001c00144c                vTaskDelay
 .text._close   0x000000001c00149e        0x4 libc/syscalls.o
                0x000000001c00149e                _close
 .text._exit    0x000000001c0014a2       0x3c libc/syscalls.o
                0x000000001c0014a2                _exit
 .text._fstat   0x000000001c0014de        0x8 libc/syscalls.o
                0x000000001c0014de                _fstat
 .text._getpid  0x000000001c0014e6        0x4 libc/syscalls.o
                0x000000001c0014e6                _getpid
 .text._isatty  0x000000001c0014ea        0x8 libc/syscalls.o
                0x000000001c0014ea                _isatty
 .text._kill    0x000000001c0014f2        0xa libc/syscalls.o
                0x000000001c0014f2                _kill
 .text._lseek   0x000000001c0014fc        0x4 libc/syscalls.o
                0x000000001c0014fc                _lseek
 .text._read    0x000000001c001500        0x4 libc/syscalls.o
                0x000000001c001500                _read
 .text._write   0x000000001c001504       0x68 libc/syscalls.o
                0x000000001c001504                _write
 .text._sbrk    0x000000001c00156c       0x2c libc/syscalls.o
                0x000000001c00156c                _sbrk
 .text.__malloc_lock
                0x000000001c001598        0xe libc/syscalls.o
                0x000000001c001598                __malloc_lock
 .text.__malloc_unlock
                0x000000001c0015a6        0xe libc/syscalls.o
                0x000000001c0015a6                __malloc_unlock
 .text.pi_cl_l1_free
                0x000000001c0015b4       0x1c libc/malloc/cl_l1_malloc.o
                0x000000001c0015b4                pi_cl_l1_free
 .text.__malloc_free
                0x000000001c0015d0       0x4e libc/malloc/malloc_internal.o
                0x000000001c0015d0                __malloc_free
 .text.timer_irq_handler
                0x000000001c00161e       0x16 target/control-pulp/system.o
                0x000000001c00161e                timer_irq_handler
 .text.system_init
                0x000000001c001634       0x80 target/control-pulp/system.o
                0x000000001c001634                system_init
 .text.vSystemIrqHandler
                0x000000001c0016b4       0x1e target/control-pulp/system.o
                0x000000001c0016b4                vSystemIrqHandler
 .text.pi_freq_get
                0x000000001c0016d2       0x22 drivers/clkconst.o
                0x000000001c0016d2                pi_freq_get
 .text.cl_notify_fc_event_handler
                0x000000001c0016f4      0x10a drivers/cluster/cl_to_fc_delegate.o
                0x000000001c0016f4                cl_notify_fc_event_handler
 .text.pi_cl_send_task_to_fc
                0x000000001c0017fe       0x40 drivers/cluster/cl_to_fc_delegate.o
                0x000000001c0017fe                pi_cl_send_task_to_fc
 .text.cl_task_finish
                0x000000001c00183e       0xe4 drivers/cluster/fc_to_cl_delegate.o
                0x000000001c00183e                cl_task_finish
 .text.irq_pend
                0x000000001c001922       0x3e drivers/clic.o
                0x000000001c001922                irq_pend
 .text.irq_set_lvl_and_prio
                0x000000001c001960       0x40 drivers/clic.o
                0x000000001c001960                irq_set_lvl_and_prio
 .text.irq_set_trigger_type
                0x000000001c0019a0       0x1a drivers/clic.o
                0x000000001c0019a0                irq_set_trigger_type
 .text.irq_enable
                0x000000001c0019ba       0x5a drivers/clic.o
                0x000000001c0019ba                irq_enable
 .text.irq_clint_global_enable
                0x000000001c001a14        0x6 drivers/clic.o
                0x000000001c001a14                irq_clint_global_enable
 .text.irq_clint_enable
                0x000000001c001a1a        0xc drivers/clic.o
                0x000000001c001a1a                irq_clint_enable
 .text.pulp_irq_init
                0x000000001c001a26       0x10 drivers/clic.o
                0x000000001c001a26                pulp_irq_init
 .text.soc_eu_mask_set
                0x000000001c001a36        0xa drivers/soc_eu.o
                0x000000001c001a36                soc_eu_mask_set
 .text.soc_eu_event_init
                0x000000001c001a40       0x22 drivers/soc_eu.o
                0x000000001c001a40                soc_eu_event_init
 .text.fc_event_null_event
                0x000000001c001a62        0x2 drivers/fc_event.o
 .text.pi_fc_event_handler_clear
                0x000000001c001a64       0x16 drivers/fc_event.o
                0x000000001c001a64                pi_fc_event_handler_clear
 .text.pi_fc_event_handler_init
                0x000000001c001a7a       0x32 drivers/fc_event.o
                0x000000001c001a7a                pi_fc_event_handler_init
 .text.pi_time_wait_us
                0x000000001c001aac       0x30 drivers/pmsis_task.o
 .text.pi_task_release
                0x000000001c001adc       0x1e drivers/pmsis_task.o
                0x000000001c001adc                pi_task_release
 .text.pi_task_push_delayed_us
                0x000000001c001afa       0x16 drivers/pmsis_task.o
                0x000000001c001afa                pi_task_push_delayed_us
 .text.__pi_task_push
                0x000000001c001b10        0xe drivers/pmsis_task.o
                0x000000001c001b10                __pi_task_push
 *fill*         0x000000001c001b1e        0x2 
 .text.int      0x000000001c001b20       0x76 handler.o
                0x000000001c001b20                __handle_clic_int
                0x000000001c001b72                clic_setup_mtvec
                0x000000001c001b84                clic_setup_mtvt
 *fill*         0x000000001c001b96       0x6a 
 .text.vectors  0x000000001c001c00      0x7fa handler.o
                0x000000001c002000                __clic_vector_table
 .text.exit_fail
                0x000000001c0023fa        0xa clic-mbox-ps-freertos.o
                0x000000001c0023fa                exit_fail
 .text.complete_msg
                0x000000001c002404       0x18 clic-mbox-ps-freertos.o
                0x000000001c002404                complete_msg
 .text.callee_scmi_handler
                0x000000001c00241c      0x464 clic-mbox-ps-freertos.o
                0x000000001c00241c                callee_scmi_handler
 .text.exit_success
                0x000000001c002880       0x1a clic-mbox-ps-freertos.o
                0x000000001c002880                exit_success
 .text.main     0x000000001c00289a       0xc2 clic-mbox-ps-freertos.o
                0x000000001c00289a                main
 .text.vApplicationStackOverflowHook
                0x000000001c00295c        0x8 clic-mbox-ps-freertos.o
                0x000000001c00295c                vApplicationStackOverflowHook
 .text.abort    0x000000001c002964       0x10 /usr/pack/riscv-1.0-kgf/pulp-gcc-2.5.0-rc1/bin/../lib/gcc/riscv32-unknown-elf/9.2.0/../../../../riscv32-unknown-elf/lib/libc_nano.a(lib_a-abort.o)
                0x000000001c002964                abort
 .text.__assert_func
                0x000000001c002974       0x40 /usr/pack/riscv-1.0-kgf/pulp-gcc-2.5.0-rc1/bin/../lib/gcc/riscv32-unknown-elf/9.2.0/../../../../riscv32-unknown-elf/lib/libc_nano.a(lib_a-assert.o)
                0x000000001c002974                __assert_func
 .text.atexit   0x000000001c0029b4        0xc /usr/pack/riscv-1.0-kgf/pulp-gcc-2.5.0-rc1/bin/../lib/gcc/riscv32-unknown-elf/9.2.0/../../../../riscv32-unknown-elf/lib/libc_nano.a(lib_a-atexit.o)
                0x000000001c0029b4                atexit
 .text.exit     0x000000001c0029c0       0x2c /usr/pack/riscv-1.0-kgf/pulp-gcc-2.5.0-rc1/bin/../lib/gcc/riscv32-unknown-elf/9.2.0/../../../../riscv32-unknown-elf/lib/libc_nano.a(lib_a-exit.o)
                0x000000001c0029c0                exit
 .text.__libc_fini_array
                0x000000001c0029ec       0x3a /usr/pack/riscv-1.0-kgf/pulp-gcc-2.5.0-rc1/bin/../lib/gcc/riscv32-unknown-elf/9.2.0/../../../../riscv32-unknown-elf/lib/libc_nano.a(lib_a-fini.o)
                0x000000001c0029ec                __libc_fini_array
 .text.fprintf  0x000000001c002a26       0x28 /usr/pack/riscv-1.0-kgf/pulp-gcc-2.5.0-rc1/bin/../lib/gcc/riscv32-unknown-elf/9.2.0/../../../../riscv32-unknown-elf/lib/libc_nano.a(lib_a-fprintf.o)
                0x000000001c002a26                fprintf
                0x000000001c002a26                fiprintf
 .text.__libc_init_array
                0x000000001c002a4e       0x6e /usr/pack/riscv-1.0-kgf/pulp-gcc-2.5.0-rc1/bin/../lib/gcc/riscv32-unknown-elf/9.2.0/../../../../riscv32-unknown-elf/lib/libc_nano.a(lib_a-init.o)
                0x000000001c002a4e                __libc_init_array
 .text._free_r  0x000000001c002abc       0xa8 /usr/pack/riscv-1.0-kgf/pulp-gcc-2.5.0-rc1/bin/../lib/gcc/riscv32-unknown-elf/9.2.0/../../../../riscv32-unknown-elf/lib/libc_nano.a(lib_a-nano-freer.o)
                0x000000001c002abc                _free_r
 .text._malloc_r
                0x000000001c002b64       0xde /usr/pack/riscv-1.0-kgf/pulp-gcc-2.5.0-rc1/bin/../lib/gcc/riscv32-unknown-elf/9.2.0/../../../../riscv32-unknown-elf/lib/libc_nano.a(lib_a-nano-mallocr.o)
                0x000000001c002b64                _malloc_r
 .text.__sfputc_r
                0x000000001c002c42       0x2a /usr/pack/riscv-1.0-kgf/pulp-gcc-2.5.0-rc1/bin/../lib/gcc/riscv32-unknown-elf/9.2.0/../../../../riscv32-unknown-elf/lib/libc_nano.a(lib_a-nano-vfprintf.o)
 .text.__sfputs_r
                0x000000001c002c6c       0x44 /usr/pack/riscv-1.0-kgf/pulp-gcc-2.5.0-rc1/bin/../lib/gcc/riscv32-unknown-elf/9.2.0/../../../../riscv32-unknown-elf/lib/libc_nano.a(lib_a-nano-vfprintf.o)
                0x000000001c002c6c                __sfputs_r
 .text._vfprintf_r
                0x000000001c002cb0      0x2aa /usr/pack/riscv-1.0-kgf/pulp-gcc-2.5.0-rc1/bin/../lib/gcc/riscv32-unknown-elf/9.2.0/../../../../riscv32-unknown-elf/lib/libc_nano.a(lib_a-nano-vfprintf.o)
                0x000000001c002cb0                _vfiprintf_r
                0x000000001c002cb0                _vfprintf_r
 .text.printf   0x000000001c002f5a       0x40 /usr/pack/riscv-1.0-kgf/pulp-gcc-2.5.0-rc1/bin/../lib/gcc/riscv32-unknown-elf/9.2.0/../../../../riscv32-unknown-elf/lib/libc_nano.a(lib_a-printf.o)
                0x000000001c002f5a                printf
                0x000000001c002f5a                iprintf
 .text._puts_r  0x000000001c002f9a       0xde /usr/pack/riscv-1.0-kgf/pulp-gcc-2.5.0-rc1/bin/../lib/gcc/riscv32-unknown-elf/9.2.0/../../../../riscv32-unknown-elf/lib/libc_nano.a(lib_a-puts.o)
                0x000000001c002f9a                _puts_r
 .text.puts     0x000000001c003078        0xe /usr/pack/riscv-1.0-kgf/pulp-gcc-2.5.0-rc1/bin/../lib/gcc/riscv32-unknown-elf/9.2.0/../../../../riscv32-unknown-elf/lib/libc_nano.a(lib_a-puts.o)
                0x000000001c003078                puts
 .text._sbrk_r  0x000000001c003086       0x2c /usr/pack/riscv-1.0-kgf/pulp-gcc-2.5.0-rc1/bin/../lib/gcc/riscv32-unknown-elf/9.2.0/../../../../riscv32-unknown-elf/lib/libc_nano.a(lib_a-sbrkr.o)
                0x000000001c003086                _sbrk_r
 .text._raise_r
                0x000000001c0030b2       0x62 /usr/pack/riscv-1.0-kgf/pulp-gcc-2.5.0-rc1/bin/../lib/gcc/riscv32-unknown-elf/9.2.0/../../../../riscv32-unknown-elf/lib/libc_nano.a(lib_a-signal.o)
                0x000000001c0030b2                _raise_r
 .text.raise    0x000000001c003114        0xe /usr/pack/riscv-1.0-kgf/pulp-gcc-2.5.0-rc1/bin/../lib/gcc/riscv32-unknown-elf/9.2.0/../../../../riscv32-unknown-elf/lib/libc_nano.a(lib_a-signal.o)
                0x000000001c003114                raise
 .text._kill_r  0x000000001c003122       0x2e /usr/pack/riscv-1.0-kgf/pulp-gcc-2.5.0-rc1/bin/../lib/gcc/riscv32-unknown-elf/9.2.0/../../../../riscv32-unknown-elf/lib/libc_nano.a(lib_a-signalr.o)
                0x000000001c003122                _kill_r
 .text._getpid_r
                0x000000001c003150        0x4 /usr/pack/riscv-1.0-kgf/pulp-gcc-2.5.0-rc1/bin/../lib/gcc/riscv32-unknown-elf/9.2.0/../../../../riscv32-unknown-elf/lib/libc_nano.a(lib_a-signalr.o)
                0x000000001c003150                _getpid_r
 .text.__swbuf_r
                0x000000001c003154       0xc6 /usr/pack/riscv-1.0-kgf/pulp-gcc-2.5.0-rc1/bin/../lib/gcc/riscv32-unknown-elf/9.2.0/../../../../riscv32-unknown-elf/lib/libc_nano.a(lib_a-wbuf.o)
                0x000000001c003154                __swbuf_r
 .text.__swsetup_r
                0x000000001c00321a      0x110 /usr/pack/riscv-1.0-kgf/pulp-gcc-2.5.0-rc1/bin/../lib/gcc/riscv32-unknown-elf/9.2.0/../../../../riscv32-unknown-elf/lib/libc_nano.a(lib_a-wsetup.o)
                0x000000001c00321a                __swsetup_r
 .text.__register_exitproc
                0x000000001c00332a       0x7c /usr/pack/riscv-1.0-kgf/pulp-gcc-2.5.0-rc1/bin/../lib/gcc/riscv32-unknown-elf/9.2.0/../../../../riscv32-unknown-elf/lib/libc_nano.a(lib_a-__atexit.o)
                0x000000001c00332a                __register_exitproc
 .text.__call_exitprocs
                0x000000001c0033a6       0xc8 /usr/pack/riscv-1.0-kgf/pulp-gcc-2.5.0-rc1/bin/../lib/gcc/riscv32-unknown-elf/9.2.0/../../../../riscv32-unknown-elf/lib/libc_nano.a(lib_a-__call_atexit.o)
                0x000000001c0033a6                __call_exitprocs
 .text.__sflush_r
                0x000000001c00346e      0x14c /usr/pack/riscv-1.0-kgf/pulp-gcc-2.5.0-rc1/bin/../lib/gcc/riscv32-unknown-elf/9.2.0/../../../../riscv32-unknown-elf/lib/libc_nano.a(lib_a-fflush.o)
                0x000000001c00346e                __sflush_r
 .text._fflush_r
                0x000000001c0035ba       0x66 /usr/pack/riscv-1.0-kgf/pulp-gcc-2.5.0-rc1/bin/../lib/gcc/riscv32-unknown-elf/9.2.0/../../../../riscv32-unknown-elf/lib/libc_nano.a(lib_a-fflush.o)
                0x000000001c0035ba                _fflush_r
 .text.std      0x000000001c003620       0x6a /usr/pack/riscv-1.0-kgf/pulp-gcc-2.5.0-rc1/bin/../lib/gcc/riscv32-unknown-elf/9.2.0/../../../../riscv32-unknown-elf/lib/libc_nano.a(lib_a-findfp.o)
 .text._cleanup_r
                0x000000001c00368a        0xa /usr/pack/riscv-1.0-kgf/pulp-gcc-2.5.0-rc1/bin/../lib/gcc/riscv32-unknown-elf/9.2.0/../../../../riscv32-unknown-elf/lib/libc_nano.a(lib_a-findfp.o)
                0x000000001c00368a                _cleanup_r
 .text.__sfmoreglue
                0x000000001c003694       0x48 /usr/pack/riscv-1.0-kgf/pulp-gcc-2.5.0-rc1/bin/../lib/gcc/riscv32-unknown-elf/9.2.0/../../../../riscv32-unknown-elf/lib/libc_nano.a(lib_a-findfp.o)
                0x000000001c003694                __sfmoreglue
 .text.__sinit  0x000000001c0036dc       0x70 /usr/pack/riscv-1.0-kgf/pulp-gcc-2.5.0-rc1/bin/../lib/gcc/riscv32-unknown-elf/9.2.0/../../../../riscv32-unknown-elf/lib/libc_nano.a(lib_a-findfp.o)
                0x000000001c0036dc                __sinit
 .text.__sfp    0x000000001c00374c       0xa2 /usr/pack/riscv-1.0-kgf/pulp-gcc-2.5.0-rc1/bin/../lib/gcc/riscv32-unknown-elf/9.2.0/../../../../riscv32-unknown-elf/lib/libc_nano.a(lib_a-findfp.o)
                0x000000001c00374c                __sfp
 .text._fwalk_reent
                0x000000001c0037ee       0x6a /usr/pack/riscv-1.0-kgf/pulp-gcc-2.5.0-rc1/bin/../lib/gcc/riscv32-unknown-elf/9.2.0/../../../../riscv32-unknown-elf/lib/libc_nano.a(lib_a-fwalk.o)
                0x000000001c0037ee                _fwalk_reent
 .text.__swhatbuf_r
                0x000000001c003858       0x5c /usr/pack/riscv-1.0-kgf/pulp-gcc-2.5.0-rc1/bin/../lib/gcc/riscv32-unknown-elf/9.2.0/../../../../riscv32-unknown-elf/lib/libc_nano.a(lib_a-makebuf.o)
                0x000000001c003858                __swhatbuf_r
 .text.__smakebuf_r
                0x000000001c0038b4       0xa2 /usr/pack/riscv-1.0-kgf/pulp-gcc-2.5.0-rc1/bin/../lib/gcc/riscv32-unknown-elf/9.2.0/../../../../riscv32-unknown-elf/lib/libc_nano.a(lib_a-makebuf.o)
                0x000000001c0038b4                __smakebuf_r
 .text.memchr   0x000000001c003956       0x1a /usr/pack/riscv-1.0-kgf/pulp-gcc-2.5.0-rc1/bin/../lib/gcc/riscv32-unknown-elf/9.2.0/../../../../riscv32-unknown-elf/lib/libc_nano.a(lib_a-memchr.o)
                0x000000001c003956                memchr
 .text._printf_common
                0x000000001c003970      0x10c /usr/pack/riscv-1.0-kgf/pulp-gcc-2.5.0-rc1/bin/../lib/gcc/riscv32-unknown-elf/9.2.0/../../../../riscv32-unknown-elf/lib/libc_nano.a(lib_a-nano-vfprintf_i.o)
                0x000000001c003970                _printf_common
 .text._printf_i
                0x000000001c003a7c      0x272 /usr/pack/riscv-1.0-kgf/pulp-gcc-2.5.0-rc1/bin/../lib/gcc/riscv32-unknown-elf/9.2.0/../../../../riscv32-unknown-elf/lib/libc_nano.a(lib_a-nano-vfprintf_i.o)
                0x000000001c003a7c                _printf_i
 .text.__sread  0x000000001c003cee       0x30 /usr/pack/riscv-1.0-kgf/pulp-gcc-2.5.0-rc1/bin/../lib/gcc/riscv32-unknown-elf/9.2.0/../../../../riscv32-unknown-elf/lib/libc_nano.a(lib_a-stdio.o)
                0x000000001c003cee                __sread
 .text.__swrite
                0x000000001c003d1e       0x4e /usr/pack/riscv-1.0-kgf/pulp-gcc-2.5.0-rc1/bin/../lib/gcc/riscv32-unknown-elf/9.2.0/../../../../riscv32-unknown-elf/lib/libc_nano.a(lib_a-stdio.o)
                0x000000001c003d1e                __swrite
 .text.__sseek  0x000000001c003d6c       0x36 /usr/pack/riscv-1.0-kgf/pulp-gcc-2.5.0-rc1/bin/../lib/gcc/riscv32-unknown-elf/9.2.0/../../../../riscv32-unknown-elf/lib/libc_nano.a(lib_a-stdio.o)
                0x000000001c003d6c                __sseek
 .text.__sclose
                0x000000001c003da2        0x6 /usr/pack/riscv-1.0-kgf/pulp-gcc-2.5.0-rc1/bin/../lib/gcc/riscv32-unknown-elf/9.2.0/../../../../riscv32-unknown-elf/lib/libc_nano.a(lib_a-stdio.o)
                0x000000001c003da2                __sclose
 .text._write_r
                0x000000001c003da8       0x30 /usr/pack/riscv-1.0-kgf/pulp-gcc-2.5.0-rc1/bin/../lib/gcc/riscv32-unknown-elf/9.2.0/../../../../riscv32-unknown-elf/lib/libc_nano.a(lib_a-writer.o)
                0x000000001c003da8                _write_r
 .text._close_r
                0x000000001c003dd8       0x2c /usr/pack/riscv-1.0-kgf/pulp-gcc-2.5.0-rc1/bin/../lib/gcc/riscv32-unknown-elf/9.2.0/../../../../riscv32-unknown-elf/lib/libc_nano.a(lib_a-closer.o)
                0x000000001c003dd8                _close_r
 .text._fstat_r
                0x000000001c003e04       0x2e /usr/pack/riscv-1.0-kgf/pulp-gcc-2.5.0-rc1/bin/../lib/gcc/riscv32-unknown-elf/9.2.0/../../../../riscv32-unknown-elf/lib/libc_nano.a(lib_a-fstatr.o)
                0x000000001c003e04                _fstat_r
 .text._isatty_r
                0x000000001c003e32       0x2c /usr/pack/riscv-1.0-kgf/pulp-gcc-2.5.0-rc1/bin/../lib/gcc/riscv32-unknown-elf/9.2.0/../../../../riscv32-unknown-elf/lib/libc_nano.a(lib_a-isattyr.o)
                0x000000001c003e32                _isatty_r
 .text._lseek_r
                0x000000001c003e5e       0x30 /usr/pack/riscv-1.0-kgf/pulp-gcc-2.5.0-rc1/bin/../lib/gcc/riscv32-unknown-elf/9.2.0/../../../../riscv32-unknown-elf/lib/libc_nano.a(lib_a-lseekr.o)
                0x000000001c003e5e                _lseek_r
 .text._read_r  0x000000001c003e8e       0x30 /usr/pack/riscv-1.0-kgf/pulp-gcc-2.5.0-rc1/bin/../lib/gcc/riscv32-unknown-elf/9.2.0/../../../../riscv32-unknown-elf/lib/libc_nano.a(lib_a-readr.o)
                0x000000001c003e8e                _read_r
                0x000000001c003ebe                _etext = .
 *(.lit)
 *(.shdata)
                0x000000001c003ebe                _endtext = .
                0x000000001c003ec0                . = ALIGN (0x4)
 *fill*         0x000000001c003ebe        0x2 

.fini
 *(.fini)
                0x000000001c003ec0                __l2_priv0_end = ALIGN (0x4)

.rodata         0x000000001c008000      0x54c
 *(.rodata .rodata.* .gnu.linkonce.r.*)
 .rodata.prvTaskIsTaskSuspended.str1.4
                0x000000001c008000       0x4a kernel/tasks.o
 *fill*         0x000000001c00804a        0x2 
 .rodata.xTaskIncrementTick.str1.4
                0x000000001c00804c       0x76 kernel/tasks.o
 *fill*         0x000000001c0080c2        0x2 
 .rodata.vTaskSwitchContext.str1.4
                0x000000001c0080c4       0x45 kernel/tasks.o
 *fill*         0x000000001c008109        0x3 
 .rodata.vTaskDelete.str1.4
                0x000000001c00810c       0x1a kernel/tasks.o
 *fill*         0x000000001c008126        0x2 
 .rodata.xTaskResumeAll.str1.4
                0x000000001c008128       0x15 kernel/tasks.o
 *fill*         0x000000001c00813d        0x3 
 .rodata.__func__.3100
                0x000000001c008140        0xb kernel/tasks.o
 *fill*         0x000000001c00814b        0x1 
 .rodata.__func__.3169
                0x000000001c00814c        0xf kernel/tasks.o
 *fill*         0x000000001c00815b        0x1 
 .rodata.__func__.3246
                0x000000001c00815c       0x13 kernel/tasks.o
 *fill*         0x000000001c00816f        0x1 
 .rodata.__func__.3255
                0x000000001c008170       0x13 kernel/tasks.o
 *fill*         0x000000001c008183        0x1 
 .rodata.cl_notify_fc_event_handler.str1.4
                0x000000001c008184       0x98 drivers/cluster/cl_to_fc_delegate.o
 .rodata.__func__.4718
                0x000000001c00821c       0x1b drivers/cluster/cl_to_fc_delegate.o
 *fill*         0x000000001c008237        0x1 
 .rodata.cl_task_finish.str1.4
                0x000000001c008238       0x81 drivers/cluster/fc_to_cl_delegate.o
 *fill*         0x000000001c0082b9        0x3 
 .rodata.__func__.5341
                0x000000001c0082bc        0xf drivers/cluster/fc_to_cl_delegate.o
 *fill*         0x000000001c0082cb        0x1 
 .rodata.__func__.5439
                0x000000001c0082cc       0x14 drivers/cluster/fc_to_cl_delegate.o
 .rodata.irq_set_handler.str1.4
                0x000000001c0082e0       0x62 drivers/clic.o
 *fill*         0x000000001c008342        0x2 
 .rodata.irq_disable.str1.4
                0x000000001c008344       0x23 drivers/clic.o
 *fill*         0x000000001c008367        0x1 
 .rodata.__func__.1881
                0x000000001c008368        0xb drivers/clic.o
 *fill*         0x000000001c008373        0x1 
 .rodata.__func__.1889
                0x000000001c008374        0x9 drivers/clic.o
 *fill*         0x000000001c00837d        0x3 
 .rodata.callee_scmi_handler.str1.4
                0x000000001c008380       0x14 clic-mbox-ps-freertos.o
 .rodata.exit_success.str1.4
                0x000000001c008394       0x28 clic-mbox-ps-freertos.o
 .rodata.main.str1.4
                0x000000001c0083bc       0x59 clic-mbox-ps-freertos.o
 *fill*         0x000000001c008415        0x3 
 .rodata.__assert_func.str1.4
                0x000000001c008418       0x3f /usr/pack/riscv-1.0-kgf/pulp-gcc-2.5.0-rc1/bin/../lib/gcc/riscv32-unknown-elf/9.2.0/../../../../riscv32-unknown-elf/lib/libc_nano.a(lib_a-assert.o)
                                         0x43 (size before relaxing)
 *fill*         0x000000001c008457        0x1 
 .rodata._vfprintf_r.str1.4
                0x000000001c008458       0x13 /usr/pack/riscv-1.0-kgf/pulp-gcc-2.5.0-rc1/bin/../lib/gcc/riscv32-unknown-elf/9.2.0/../../../../riscv32-unknown-elf/lib/libc_nano.a(lib_a-nano-vfprintf.o)
 *fill*         0x000000001c00846b        0x1 
 .rodata.__sf_fake_stderr
                0x000000001c00846c       0x20 /usr/pack/riscv-1.0-kgf/pulp-gcc-2.5.0-rc1/bin/../lib/gcc/riscv32-unknown-elf/9.2.0/../../../../riscv32-unknown-elf/lib/libc_nano.a(lib_a-findfp.o)
                0x000000001c00846c                __sf_fake_stderr
 .rodata.__sf_fake_stdin
                0x000000001c00848c       0x20 /usr/pack/riscv-1.0-kgf/pulp-gcc-2.5.0-rc1/bin/../lib/gcc/riscv32-unknown-elf/9.2.0/../../../../riscv32-unknown-elf/lib/libc_nano.a(lib_a-findfp.o)
                0x000000001c00848c                __sf_fake_stdin
 .rodata.__sf_fake_stdout
                0x000000001c0084ac       0x20 /usr/pack/riscv-1.0-kgf/pulp-gcc-2.5.0-rc1/bin/../lib/gcc/riscv32-unknown-elf/9.2.0/../../../../riscv32-unknown-elf/lib/libc_nano.a(lib_a-findfp.o)
                0x000000001c0084ac                __sf_fake_stdout
 .rodata._printf_i.str1.4
                0x000000001c0084cc       0x25 /usr/pack/riscv-1.0-kgf/pulp-gcc-2.5.0-rc1/bin/../lib/gcc/riscv32-unknown-elf/9.2.0/../../../../riscv32-unknown-elf/lib/libc_nano.a(lib_a-nano-vfprintf_i.o)
 *fill*         0x000000001c0084f1        0x3 
 .rodata._printf_i
                0x000000001c0084f4       0x58 /usr/pack/riscv-1.0-kgf/pulp-gcc-2.5.0-rc1/bin/../lib/gcc/riscv32-unknown-elf/9.2.0/../../../../riscv32-unknown-elf/lib/libc_nano.a(lib_a-nano-vfprintf_i.o)

.rela.dyn       0x000000001c00854c        0x0
 .rela.sdata2.xISRStackTop
                0x000000001c00854c        0x0 kernel/list.o
 .rela.text._kill
                0x000000001c00854c        0x0 kernel/list.o
 .rela.text._write
                0x000000001c00854c        0x0 kernel/list.o
 .rela.text._sbrk
                0x000000001c00854c        0x0 kernel/list.o
 .rela.sdata.brk
                0x000000001c00854c        0x0 kernel/list.o
 .rela.text.pi_cl_l1_free
                0x000000001c00854c        0x0 kernel/list.o
 .rela.text.start
                0x000000001c00854c        0x0 kernel/list.o
 .rela.text.system_init
                0x000000001c00854c        0x0 kernel/list.o
 .rela.text.vSystemIrqHandler
                0x000000001c00854c        0x0 kernel/list.o
 .rela.text.int
                0x000000001c00854c        0x0 kernel/list.o
 .rela.text.main
                0x000000001c00854c        0x0 kernel/list.o
 .rela.text.__libc_fini_array
                0x000000001c00854c        0x0 kernel/list.o
 .rela.text.__libc_init_array
                0x000000001c00854c        0x0 kernel/list.o
 .rela.text._vfprintf_r
                0x000000001c00854c        0x0 kernel/list.o
 .rela.text._sbrk_r
                0x000000001c00854c        0x0 kernel/list.o
 .rela.text._kill_r
                0x000000001c00854c        0x0 kernel/list.o
 .rela.text.__register_exitproc
                0x000000001c00854c        0x0 kernel/list.o
 .rela.text._write_r
                0x000000001c00854c        0x0 kernel/list.o
 .rela.text._close_r
                0x000000001c00854c        0x0 kernel/list.o
 .rela.text._fstat_r
                0x000000001c00854c        0x0 kernel/list.o
 .rela.text._isatty_r
                0x000000001c00854c        0x0 kernel/list.o
 .rela.text._lseek_r
                0x000000001c00854c        0x0 kernel/list.o
 .rela.text._read_r
                0x000000001c00854c        0x0 kernel/list.o

.rodata1
 *(.rodata1)

.boot
 *(.boot)
 *(.boot.data)

.talias

.eh_frame_hdr
 *(.eh_frame_hdr)
 *(.eh_frame_entry .eh_frame_entry.*)

.eh_frame
 *(.eh_frame)
 *(.eh_frame.*)

.gcc_except_table
 *(.gcc_except_table .gcc_except_table.*)

.gnu_extab
 *(.gnu_extab*)

.eh_frame
 *(.eh_frame)
 *(.eh_frame.*)

.gnu_extab
 *(.gnu_extab)

.gcc_except_table
 *(.gcc_except_table .gcc_except_table.*)

.exception_ranges
 *(.exception_ranges .exception_ranges*)

.tdata          0x000000001c00854c        0x0
                [!provide]                        PROVIDE (__tdata_start = .)
 *(.tdata .tdata.* .gnu.linkonce.td.*)

.tbss
 *(.tbss .tbss.* .gnu.linkonce.tb.*)
 *(.tcommon)

.preinit_array  0x000000001c00854c        0x0
                0x000000001c00854c                PROVIDE (__preinit_array_start = .)
 *(.preinit_array)
                0x000000001c00854c                PROVIDE (__preinit_array_end = .)

.init_array     0x000000001c00854c        0x0
                0x000000001c00854c                PROVIDE (__init_array_start = .)
 *(SORT_BY_INIT_PRIORITY(.init_array.*) SORT_BY_INIT_PRIORITY(.ctors.*))
 *(.init_array EXCLUDE_FILE(*crtend?.o *crtend.o *crtbegin?.o *crtbegin.o) .ctors)
                0x000000001c00854c                PROVIDE (__init_array_end = .)

.fini_array     0x000000001c00854c        0x0
                0x000000001c00854c                PROVIDE (__fini_array_start = .)
 *(SORT_BY_INIT_PRIORITY(.fini_array.*) SORT_BY_INIT_PRIORITY(.dtors.*))
 *(.fini_array EXCLUDE_FILE(*crtend?.o *crtend.o *crtbegin?.o *crtbegin.o) .dtors)
                0x000000001c00854c                PROVIDE (__fini_array_end = .)

.ctors
 *crtbegin.o(.ctors)
 *crtbegin?.o(.ctors)
 *(EXCLUDE_FILE(*crtend?.o *crtend.o) .ctors)
 *(SORT_BY_NAME(.ctors.*))
 *(.ctors)

.dtors
 *crtbegin.o(.dtors)
 *crtbegin?.o(.dtors)
 *(EXCLUDE_FILE(*crtend?.o *crtend.o) .dtors)
 *(SORT_BY_NAME(.dtors.*))
 *(.dtors)

.gnu.offload_funcs
 *(.gnu.offload_funcs)

.gnu.offload_vars
 *(.gnu.offload_vars)

.data           0x000000001c00854c      0x2b8
                0x000000001c00854c                sdata = .
                0x000000001c00854c                _sdata = .
                0x000000001c00854c                __data_begin = .
 *(.data_fc)
 .data_fc       0x000000001c00854c      0x244 drivers/cluster/cl_to_fc_delegate.o
                0x000000001c00854c                delegate_task_mask
                0x000000001c008550                delegate_task
 *(.data_fc.*)
 *(.data)
 *(.data.*)
 .data.impure_data
                0x000000001c008790       0x60 /usr/pack/riscv-1.0-kgf/pulp-gcc-2.5.0-rc1/bin/../lib/gcc/riscv32-unknown-elf/9.2.0/../../../../riscv32-unknown-elf/lib/libc_nano.a(lib_a-impure.o)
                0x000000001c0087f0                __sdata_begin = .
 *(.sdata)
 *(.sdata.*)
 .sdata.brk     0x000000001c0087f0        0x4 libc/syscalls.o
 .sdata.ft      0x000000001c0087f4        0x4 clic-mbox-ps-freertos.o
                0x000000001c0087f4                ft
 .sdata._impure_ptr
                0x000000001c0087f8        0x4 /usr/pack/riscv-1.0-kgf/pulp-gcc-2.5.0-rc1/bin/../lib/gcc/riscv32-unknown-elf/9.2.0/../../../../riscv32-unknown-elf/lib/libc_nano.a(lib_a-impure.o)
                0x000000001c0087f8                _impure_ptr
 *(.sdata2.*)
 .sdata2.xISRStackTop
                0x000000001c0087fc        0x4 kernel/portable/GCC/RISC-V/port.o
                0x000000001c0087fc                xISRStackTop
 .sdata2._global_impure_ptr
                0x000000001c008800        0x4 /usr/pack/riscv-1.0-kgf/pulp-gcc-2.5.0-rc1/bin/../lib/gcc/riscv32-unknown-elf/9.2.0/../../../../riscv32-unknown-elf/lib/libc_nano.a(lib_a-impure.o)
                0x000000001c008800                _global_impure_ptr
 *(.heapl2ram)
 *(.fcTcdm)
 *(.fcTcdm.*)
 *(.fcTcdm_g)
 *(.fcTcdm_g.*)
                0x000000001c008804                . = ALIGN (0x4)
                0x000000001c008804                edata = .
                0x000000001c008804                _edata = .

.bss            0x000000001c008808      0x918
                0x000000001c008808                _bss_start = .
                0x000000001c008808                __bss_start = .
 *(.shbss)
 *(.bss)
 *(.bss.*)
 .bss.pxReadyTasksLists
                0x000000001c008808       0x64 kernel/tasks.o
 .bss.xPendingReadyList
                0x000000001c00886c       0x14 kernel/tasks.o
 .bss.xSuspendedTaskList
                0x000000001c008880       0x14 kernel/tasks.o
 .bss.copyout_buf.4127
                0x000000001c008894      0x100 libc/syscalls.o
 .bss.fc_event_handlers
                0x000000001c008994      0x2a0 drivers/fc_event.o
 .bss._global_atexit0
                0x000000001c008c34       0x8c /usr/pack/riscv-1.0-kgf/pulp-gcc-2.5.0-rc1/bin/../lib/gcc/riscv32-unknown-elf/9.2.0/../../../../riscv32-unknown-elf/lib/libc_nano.a(lib_a-__atexit.o)
 *(.sbss)
 *(.sbss.*)
 .sbss.pxCurrentTCB
                0x000000001c008cc0        0x4 kernel/tasks.o
                0x000000001c008cc0                pxCurrentTCB
 .sbss.pxDelayedTaskList
                0x000000001c008cc4        0x4 kernel/tasks.o
 .sbss.pxOverflowDelayedTaskList
                0x000000001c008cc8        0x4 kernel/tasks.o
 .sbss.uxCurrentNumberOfTasks
                0x000000001c008ccc        0x4 kernel/tasks.o
 .sbss.uxSchedulerSuspended
                0x000000001c008cd0        0x4 kernel/tasks.o
 .sbss.uxTopReadyPriority
                0x000000001c008cd4        0x4 kernel/tasks.o
 .sbss.xNextTaskUnblockTime
                0x000000001c008cd8        0x4 kernel/tasks.o
 .sbss.xNumOfOverflows
                0x000000001c008cdc        0x4 kernel/tasks.o
 .sbss.xPendedTicks
                0x000000001c008ce0        0x4 kernel/tasks.o
 .sbss.xSchedulerRunning
                0x000000001c008ce4        0x4 kernel/tasks.o
 .sbss.xTickCount
                0x000000001c008ce8        0x4 kernel/tasks.o
 .sbss.xYieldPending
                0x000000001c008cec        0x4 kernel/tasks.o
 .sbss.__per_cluster_data
                0x000000001c008cf0        0x4 drivers/cluster/fc_to_cl_delegate.o
                0x000000001c008cf0                __per_cluster_data
 .sbss.first    0x000000001c008cf4        0x4 clic-mbox-ps-freertos.o
                0x000000001c008cf4                first
 .sbss.__malloc_free_list
                0x000000001c008cf8        0x4 /usr/pack/riscv-1.0-kgf/pulp-gcc-2.5.0-rc1/bin/../lib/gcc/riscv32-unknown-elf/9.2.0/../../../../riscv32-unknown-elf/lib/libc_nano.a(lib_a-nano-mallocr.o)
                0x000000001c008cf8                __malloc_free_list
 .sbss.__malloc_sbrk_start
                0x000000001c008cfc        0x4 /usr/pack/riscv-1.0-kgf/pulp-gcc-2.5.0-rc1/bin/../lib/gcc/riscv32-unknown-elf/9.2.0/../../../../riscv32-unknown-elf/lib/libc_nano.a(lib_a-nano-mallocr.o)
                0x000000001c008cfc                __malloc_sbrk_start
 .sbss._global_atexit
                0x000000001c008d00        0x4 /usr/pack/riscv-1.0-kgf/pulp-gcc-2.5.0-rc1/bin/../lib/gcc/riscv32-unknown-elf/9.2.0/../../../../riscv32-unknown-elf/lib/libc_nano.a(lib_a-__call_atexit.o)
                0x000000001c008d00                _global_atexit
 *(COMMON)
 COMMON         0x000000001c008d04       0x14 libc/malloc/cl_l1_malloc.o
                0x000000001c008d04                __cl_l1_malloc_mutex
                0x000000001c008d10                __cl_l1_malloc
 COMMON         0x000000001c008d18      0x400 target/control-pulp/system.o
                0x000000001c008d18                isr_table
 COMMON         0x000000001c009118        0x4 clic-mbox-ps-freertos.o
                0x000000001c009118                clic_isr_hook
 COMMON         0x000000001c00911c        0x4 /usr/pack/riscv-1.0-kgf/pulp-gcc-2.5.0-rc1/bin/../lib/gcc/riscv32-unknown-elf/9.2.0/../../../../riscv32-unknown-elf/lib/libc_nano.a(lib_a-reent.o)
                0x000000001c00911c                errno
                0x000000001c009120                . = ALIGN (0x4)
                0x000000001c009120                __bss_end = .
                0x000000001c009120                _bss_end = .
                0x000000001c009120                _end = .
                0x000000001c008d4c                PROVIDE (__global_pointer$ = MIN ((__sdata_begin + 0x800), MAX ((__data_begin + 0x800), (__bss_end - 0x800))))

.heap           0x000000001c009120     0x4000
                0x000000001c009120                __heap_start = .
 *(.heap)
 .heap          0x000000001c009120     0x4000 target/control-pulp/system.o
                0x000000001c009120                ucHeap
                0x000000001c00d120                __heap_end = .

.stack          0x000000001c00d120      0x800
                0x000000001c00d120                stack_start = .
                0x000000001c00d120                __stack_bottom = .
                0x000000001c00d920                . = (. + __stack_size)
 *fill*         0x000000001c00d120      0x800 
                0x000000001c00d920                __stack_top = .
                0x000000001c00d920                __freertos_irq_stack_top = .
                0x000000001c00d920                stack = .
                0x000000001c00d920                __l2_priv1_end = ALIGN (0x4)

.l2_data        0x000000001c010000      0x6c0
                0x000000001c010000                __cluster_text_start = .
 *(.cluster.text)
 *(.cluster.text.*)
                0x000000001c010000                . = ALIGN (0x4)
                0x000000001c010000                __cluster_text_end = .
 *(.l2_data)
 .l2_data       0x000000001c010000      0x6c0 drivers/cluster/cl_to_fc_delegate.o
                0x000000001c010000                delegate_task_l2
 *(.l2_data.*)
 *(.data_fc_shared)
 *(.data_fc_shared.*)
                0x000000001c0106c0                . = ALIGN (0x4)
                0x000000001c0106c0                __l1_preload_start_inL2 = .

.data_tiny_l1   0x0000000010000004        0xc load address 0x000000001c0106c0
                0x0000000010000010                . = ALIGN (0x10)
 *fill*         0x0000000010000004        0xc 
                0x0000000010000010                __l1_preload_start = .
 *(.data_tiny_l1)
 *(.data_tiny_l1.*)
 *(.data_alias_l1)
 *(.data_alias_l1.*)
 *(.l1clusterTiny)
 *(.l1clusterTiny.*)
                0x0000000010000010                . = ALIGN (0x10)
                0x0000000010000010                __data_tiny_l1_end = .

.l1cluster_g    0x0000000010000010       0x10 load address 0x000000001c0106c0
                0x0000000010000010                . = ALIGN (0x10)
                0x0000000010000010                __printf_lock_ptr_l1 = .
                0x0000000010000014                . = (__printf_lock_ptr_l1 + 0x4)
 *fill*         0x0000000010000010        0x4 
 *(.l1cluster_g)
 *(.l1cluster_g.*)
 *(.data_l1)
 *(.data_l1.*)
                0x0000000010000020                . = ALIGN (0x10)
 *fill*         0x0000000010000014        0xc 
                0x0000000010000020                __l1_cluster_g_end = .

.heap_l1_cluster
                0x0000000010000020        0x0
                0x0000000010000020                . = ALIGN (0x10)
 *(.heap_l1_cluster)
 *(.heap_l1_cluster.*)
 *(.heapsram)
 *(.heapsram.*)
                0x0000000010000020                . = ALIGN (0x10)
                0x0000000010000020                __heap_l1_cluster_start = .
                0x0000000010000020                __heapsram_start = .
                0x0000000010000020                __l1_heapsram_start = .
                0x000000000000ffe0                __heapsram_size = ((ORIGIN (L1) + LENGTH (L1)) - __heapsram_start)
                0x000000000000ffe0                __l1_heapsram_size = ((ORIGIN (L1) + LENGTH (L1)) - __l1_heapsram_start)
                0x000000000000ffe0                __heap_l1_cluster_size = ((ORIGIN (L1) + LENGTH (L1)) - __heap_l1_cluster_start)
                0x000000000000001c                __l1_preload_size = (SIZEOF (.data_tiny_l1) + SIZEOF (.l1cluster_g))

.heap_l2_shared
                0x000000001c0106dc        0x4
                0x000000001c0106e0                . = ALIGN (0x10)
 *fill*         0x000000001c0106dc        0x4 
 *(.heapl2ram)
 *(.heapl2ram.*)
 *(.heap_l2_shared)
 *(.heap_l2_shared.*)
                0x000000001c0106e0                . = ALIGN (0x10)
                0x000000001c0106e0                __heapl2ram_start = .
                0x000000001c0106e0                __heap_l2_shared_start = .
                0x000000000006f920                __heapl2ram_size = ((ORIGIN (L2) + LENGTH (L2)) - __heapl2ram_start)
                0x000000000006f920                __heap_l2_shared_size = ((ORIGIN (L2) + LENGTH (L2)) - __heap_l2_shared_start)
OUTPUT(clic-mbox-ps-ft elf32-littleriscv)

.debug_info     0x0000000000000000    0x12257
 .debug_info    0x0000000000000000      0xb72 kernel/list.o
 .debug_info    0x0000000000000b72     0x3b3e kernel/tasks.o
 .debug_info    0x00000000000046b0      0xb17 kernel/portable/GCC/RISC-V/port.o
 .debug_info    0x00000000000051c7       0x26 kernel/portable/GCC/RISC-V/portASM.o
 .debug_info    0x00000000000051ed     0x1970 libc/syscalls.o
 .debug_info    0x0000000000006b5d     0x1109 libc/malloc/cl_l1_malloc.o
 .debug_info    0x0000000000007c66      0xd7b libc/malloc/malloc_internal.o
 .debug_info    0x00000000000089e1       0x26 target/control-pulp/crt0.o
 .debug_info    0x0000000000008a07      0xe6b target/control-pulp/system.o
 .debug_info    0x0000000000009872       0x22 target/control-pulp/vectors.o
 .debug_info    0x0000000000009894       0x26 target/control-pulp/cluster.o
 .debug_info    0x00000000000098ba      0x12d drivers/clkconst.o
 .debug_info    0x00000000000099e7     0x145d drivers/cluster/cl_to_fc_delegate.o
 .debug_info    0x000000000000ae44     0x3438 drivers/cluster/fc_to_cl_delegate.o
 .debug_info    0x000000000000e27c      0x7d0 drivers/clic.o
 .debug_info    0x000000000000ea4c      0x1da drivers/soc_eu.o
 .debug_info    0x000000000000ec26      0x2a7 drivers/fc_event.o
 .debug_info    0x000000000000eecd     0x13bb drivers/pmsis_task.o
 .debug_info    0x0000000000010288       0x22 handler.o
 .debug_info    0x00000000000102aa     0x1fad clic-mbox-ps-freertos.o

.debug_abbrev   0x0000000000000000     0x2f60
 .debug_abbrev  0x0000000000000000      0x257 kernel/list.o
 .debug_abbrev  0x0000000000000257      0x3b9 kernel/tasks.o
 .debug_abbrev  0x0000000000000610      0x27e kernel/portable/GCC/RISC-V/port.o
 .debug_abbrev  0x000000000000088e       0x14 kernel/portable/GCC/RISC-V/portASM.o
 .debug_abbrev  0x00000000000008a2      0x486 libc/syscalls.o
 .debug_abbrev  0x0000000000000d28      0x314 libc/malloc/cl_l1_malloc.o
 .debug_abbrev  0x000000000000103c      0x2b9 libc/malloc/malloc_internal.o
 .debug_abbrev  0x00000000000012f5       0x14 target/control-pulp/crt0.o
 .debug_abbrev  0x0000000000001309      0x37a target/control-pulp/system.o
 .debug_abbrev  0x0000000000001683       0x12 target/control-pulp/vectors.o
 .debug_abbrev  0x0000000000001695       0x14 target/control-pulp/cluster.o
 .debug_abbrev  0x00000000000016a9       0xb4 drivers/clkconst.o
 .debug_abbrev  0x000000000000175d      0x3ed drivers/cluster/cl_to_fc_delegate.o
 .debug_abbrev  0x0000000000001b4a      0x678 drivers/cluster/fc_to_cl_delegate.o
 .debug_abbrev  0x00000000000021c2      0x26f drivers/clic.o
 .debug_abbrev  0x0000000000002431      0x15e drivers/soc_eu.o
 .debug_abbrev  0x000000000000258f      0x1e8 drivers/fc_event.o
 .debug_abbrev  0x0000000000002777      0x400 drivers/pmsis_task.o
 .debug_abbrev  0x0000000000002b77       0x12 handler.o
 .debug_abbrev  0x0000000000002b89      0x3d7 clic-mbox-ps-freertos.o

.debug_loc      0x0000000000000000     0x71e4
 .debug_loc     0x0000000000000000       0x68 kernel/list.o
 .debug_loc     0x0000000000000068     0x285c kernel/tasks.o
 .debug_loc     0x00000000000028c4      0x622 libc/syscalls.o
 .debug_loc     0x0000000000002ee6      0x21b libc/malloc/cl_l1_malloc.o
 .debug_loc     0x0000000000003101      0x518 libc/malloc/malloc_internal.o
 .debug_loc     0x0000000000003619       0xf2 target/control-pulp/system.o
 .debug_loc     0x000000000000370b       0x74 drivers/clkconst.o
 .debug_loc     0x000000000000377f      0x208 drivers/cluster/cl_to_fc_delegate.o
 .debug_loc     0x0000000000003987     0x108c drivers/cluster/fc_to_cl_delegate.o
 .debug_loc     0x0000000000004a13      0x42e drivers/clic.o
 .debug_loc     0x0000000000004e41       0xc6 drivers/soc_eu.o
 .debug_loc     0x0000000000004f07       0xcf drivers/fc_event.o
 .debug_loc     0x0000000000004fd6      0x403 drivers/pmsis_task.o
 .debug_loc     0x00000000000053d9     0x1e0b clic-mbox-ps-freertos.o

.debug_aranges  0x0000000000000000      0x828
 .debug_aranges
                0x0000000000000000       0x40 kernel/list.o
 .debug_aranges
                0x0000000000000040      0x220 kernel/tasks.o
 .debug_aranges
                0x0000000000000260       0x28 kernel/portable/GCC/RISC-V/port.o
 .debug_aranges
                0x0000000000000288       0x20 kernel/portable/GCC/RISC-V/portASM.o
 .debug_aranges
                0x00000000000002a8      0x138 libc/syscalls.o
 .debug_aranges
                0x00000000000003e0       0x50 libc/malloc/cl_l1_malloc.o
 .debug_aranges
                0x0000000000000430       0x48 libc/malloc/malloc_internal.o
 .debug_aranges
                0x0000000000000478       0x20 target/control-pulp/crt0.o
 .debug_aranges
                0x0000000000000498       0x50 target/control-pulp/system.o
 .debug_aranges
                0x00000000000004e8       0x28 target/control-pulp/vectors.o
 .debug_aranges
                0x0000000000000510       0x20 target/control-pulp/cluster.o
 .debug_aranges
                0x0000000000000530       0x28 drivers/clkconst.o
 .debug_aranges
                0x0000000000000558       0x40 drivers/cluster/cl_to_fc_delegate.o
 .debug_aranges
                0x0000000000000598       0x90 drivers/cluster/fc_to_cl_delegate.o
 .debug_aranges
                0x0000000000000628       0x78 drivers/clic.o
 .debug_aranges
                0x00000000000006a0       0x30 drivers/soc_eu.o
 .debug_aranges
                0x00000000000006d0       0x40 drivers/fc_event.o
 .debug_aranges
                0x0000000000000710       0x90 drivers/pmsis_task.o
 .debug_aranges
                0x00000000000007a0       0x28 handler.o
 .debug_aranges
                0x00000000000007c8       0x60 clic-mbox-ps-freertos.o

.debug_ranges   0x0000000000000000      0xa30
 .debug_ranges  0x0000000000000000       0x30 kernel/list.o
 .debug_ranges  0x0000000000000030      0x378 kernel/tasks.o
 .debug_ranges  0x00000000000003a8       0x30 kernel/portable/GCC/RISC-V/port.o
 .debug_ranges  0x00000000000003d8      0x148 libc/syscalls.o
 .debug_ranges  0x0000000000000520       0x40 libc/malloc/cl_l1_malloc.o
 .debug_ranges  0x0000000000000560       0x50 libc/malloc/malloc_internal.o
 .debug_ranges  0x00000000000005b0       0x40 target/control-pulp/system.o
 .debug_ranges  0x00000000000005f0       0x20 target/control-pulp/vectors.o
 .debug_ranges  0x0000000000000610       0x18 drivers/clkconst.o
 .debug_ranges  0x0000000000000628       0x60 drivers/cluster/cl_to_fc_delegate.o
 .debug_ranges  0x0000000000000688      0x1d0 drivers/cluster/fc_to_cl_delegate.o
 .debug_ranges  0x0000000000000858       0x68 drivers/clic.o
 .debug_ranges  0x00000000000008c0       0x20 drivers/soc_eu.o
 .debug_ranges  0x00000000000008e0       0x30 drivers/fc_event.o
 .debug_ranges  0x0000000000000910       0xb0 drivers/pmsis_task.o
 .debug_ranges  0x00000000000009c0       0x20 handler.o
 .debug_ranges  0x00000000000009e0       0x50 clic-mbox-ps-freertos.o

.debug_macro    0x0000000000000000     0x609d
 .debug_macro   0x0000000000000000      0x19c kernel/list.o
 .debug_macro   0x000000000000019c      0x28f kernel/tasks.o
 .debug_macro   0x000000000000042b       0x10 kernel/tasks.o
 .debug_macro   0x000000000000043b      0x1ca kernel/portable/GCC/RISC-V/port.o
 .debug_macro   0x0000000000000605       0x10 kernel/portable/GCC/RISC-V/port.o
 .debug_macro   0x0000000000000615      0x3e3 libc/syscalls.o
 .debug_macro   0x00000000000009f8       0x10 libc/syscalls.o
 .debug_macro   0x0000000000000a08       0x10 libc/syscalls.o
 .debug_macro   0x0000000000000a18       0x10 libc/syscalls.o
 .debug_macro   0x0000000000000a28       0x10 libc/syscalls.o
 .debug_macro   0x0000000000000a38       0x1c libc/syscalls.o
 .debug_macro   0x0000000000000a54       0x52 libc/syscalls.o
 .debug_macro   0x0000000000000aa6       0x22 libc/syscalls.o
 .debug_macro   0x0000000000000ac8       0x10 libc/syscalls.o
 .debug_macro   0x0000000000000ad8       0x40 libc/syscalls.o
 .debug_macro   0x0000000000000b18       0xd5 libc/syscalls.o
 .debug_macro   0x0000000000000bed       0x1c libc/syscalls.o
 .debug_macro   0x0000000000000c09       0x3d libc/syscalls.o
 .debug_macro   0x0000000000000c46       0x35 libc/syscalls.o
 .debug_macro   0x0000000000000c7b      0x12c libc/syscalls.o
 .debug_macro   0x0000000000000da7       0xce libc/syscalls.o
 .debug_macro   0x0000000000000e75       0x16 libc/syscalls.o
 .debug_macro   0x0000000000000e8b      0x51a libc/syscalls.o
 .debug_macro   0x00000000000013a5       0x10 libc/syscalls.o
 .debug_macro   0x00000000000013b5      0x241 libc/syscalls.o
 .debug_macro   0x00000000000015f6      0x3b3 libc/syscalls.o
 .debug_macro   0x00000000000019a9      0x1f0 libc/syscalls.o
 .debug_macro   0x0000000000001b99       0x22 libc/syscalls.o
 .debug_macro   0x0000000000001bbb       0x64 libc/syscalls.o
 .debug_macro   0x0000000000001c1f       0x82 libc/syscalls.o
 .debug_macro   0x0000000000001ca1      0x1ca libc/syscalls.o
 .debug_macro   0x0000000000001e6b       0x22 libc/syscalls.o
 .debug_macro   0x0000000000001e8d      0x19a libc/syscalls.o
 .debug_macro   0x0000000000002027      0x20d libc/syscalls.o
 .debug_macro   0x0000000000002234       0xdb libc/syscalls.o
 .debug_macro   0x000000000000230f      0x1a6 libc/syscalls.o
 .debug_macro   0x00000000000024b5       0x4c libc/syscalls.o
 .debug_macro   0x0000000000002501       0x10 libc/syscalls.o
 .debug_macro   0x0000000000002511       0x16 libc/syscalls.o
 .debug_macro   0x0000000000002527      0x270 libc/malloc/cl_l1_malloc.o
 .debug_macro   0x0000000000002797       0x16 libc/malloc/cl_l1_malloc.o
 .debug_macro   0x00000000000027ad       0x97 libc/malloc/cl_l1_malloc.o
 .debug_macro   0x0000000000002844       0xfd libc/malloc/cl_l1_malloc.o
 .debug_macro   0x0000000000002941       0x10 libc/malloc/cl_l1_malloc.o
 .debug_macro   0x0000000000002951       0x16 libc/malloc/cl_l1_malloc.o
 .debug_macro   0x0000000000002967      0x16f libc/malloc/cl_l1_malloc.o
 .debug_macro   0x0000000000002ad6       0x16 libc/malloc/cl_l1_malloc.o
 .debug_macro   0x0000000000002aec       0x10 libc/malloc/cl_l1_malloc.o
 .debug_macro   0x0000000000002afc      0x4cc libc/malloc/cl_l1_malloc.o
 .debug_macro   0x0000000000002fc8       0x1f libc/malloc/cl_l1_malloc.o
 .debug_macro   0x0000000000002fe7       0x40 libc/malloc/cl_l1_malloc.o
 .debug_macro   0x0000000000003027      0x1fe libc/malloc/malloc_internal.o
 .debug_macro   0x0000000000003225       0x1c libc/malloc/malloc_internal.o
 .debug_macro   0x0000000000003241      0x3e0 target/control-pulp/system.o
 .debug_macro   0x0000000000003621       0x6a target/control-pulp/system.o
 .debug_macro   0x000000000000368b      0x519 target/control-pulp/system.o
 .debug_macro   0x0000000000003ba4      0x1f6 target/control-pulp/system.o
 .debug_macro   0x0000000000003d9a       0x28 target/control-pulp/system.o
 .debug_macro   0x0000000000003dc2       0x52 target/control-pulp/system.o
 .debug_macro   0x0000000000003e14      0x173 target/control-pulp/system.o
 .debug_macro   0x0000000000003f87      0x1be target/control-pulp/system.o
 .debug_macro   0x0000000000004145       0x76 drivers/clkconst.o
 .debug_macro   0x00000000000041bb      0x3f8 drivers/cluster/cl_to_fc_delegate.o
 .debug_macro   0x00000000000045b3       0x46 drivers/cluster/cl_to_fc_delegate.o
 .debug_macro   0x00000000000045f9       0xc2 drivers/cluster/cl_to_fc_delegate.o
 .debug_macro   0x00000000000046bb       0x52 drivers/cluster/cl_to_fc_delegate.o
 .debug_macro   0x000000000000470d       0x16 drivers/cluster/cl_to_fc_delegate.o
 .debug_macro   0x0000000000004723       0xb8 drivers/cluster/cl_to_fc_delegate.o
 .debug_macro   0x00000000000047db      0x493 drivers/cluster/fc_to_cl_delegate.o
 .debug_macro   0x0000000000004c6e       0x40 drivers/cluster/fc_to_cl_delegate.o
 .debug_macro   0x0000000000004cae      0x1e7 drivers/cluster/fc_to_cl_delegate.o
 .debug_macro   0x0000000000004e95       0x3c drivers/cluster/fc_to_cl_delegate.o
 .debug_macro   0x0000000000004ed1      0x2a4 drivers/cluster/fc_to_cl_delegate.o
 .debug_macro   0x0000000000005175       0x11 drivers/cluster/fc_to_cl_delegate.o
 .debug_macro   0x0000000000005186       0x70 drivers/cluster/fc_to_cl_delegate.o
 .debug_macro   0x00000000000051f6       0x1c drivers/cluster/fc_to_cl_delegate.o
 .debug_macro   0x0000000000005212      0x125 drivers/clic.o
 .debug_macro   0x0000000000005337       0x8e drivers/soc_eu.o
 .debug_macro   0x00000000000053c5       0xb8 drivers/soc_eu.o
 .debug_macro   0x000000000000547d      0x136 drivers/fc_event.o
 .debug_macro   0x00000000000055b3      0x16d drivers/fc_event.o
 .debug_macro   0x0000000000005720      0x364 drivers/pmsis_task.o
 .debug_macro   0x0000000000005a84      0x443 clic-mbox-ps-freertos.o
 .debug_macro   0x0000000000005ec7      0x1b1 clic-mbox-ps-freertos.o
 .debug_macro   0x0000000000006078       0x25 clic-mbox-ps-freertos.o

.debug_line     0x0000000000000000     0xf953
 .debug_line    0x0000000000000000      0x757 kernel/list.o
 .debug_line    0x0000000000000757     0x453a kernel/tasks.o
 .debug_line    0x0000000000004c91      0x446 kernel/portable/GCC/RISC-V/port.o
 .debug_line    0x00000000000050d7      0x5d6 kernel/portable/GCC/RISC-V/portASM.o
 .debug_line    0x00000000000056ad     0x1014 libc/syscalls.o
 .debug_line    0x00000000000066c1      0x6a1 libc/malloc/cl_l1_malloc.o
 .debug_line    0x0000000000006d62      0xa95 libc/malloc/malloc_internal.o
 .debug_line    0x00000000000077f7      0x114 target/control-pulp/crt0.o
 .debug_line    0x000000000000790b      0x9b1 target/control-pulp/system.o
 .debug_line    0x00000000000082bc      0x734 target/control-pulp/vectors.o
 .debug_line    0x00000000000089f0      0x226 target/control-pulp/cluster.o
 .debug_line    0x0000000000008c16      0x30f drivers/clkconst.o
 .debug_line    0x0000000000008f25      0xb56 drivers/cluster/cl_to_fc_delegate.o
 .debug_line    0x0000000000009a7b     0x258c drivers/cluster/fc_to_cl_delegate.o
 .debug_line    0x000000000000c007      0x7c4 drivers/clic.o
 .debug_line    0x000000000000c7cb      0x413 drivers/soc_eu.o
 .debug_line    0x000000000000cbde      0x523 drivers/fc_event.o
 .debug_line    0x000000000000d101      0xe3b drivers/pmsis_task.o
 .debug_line    0x000000000000df3c      0x249 handler.o
 .debug_line    0x000000000000e185     0x17ce clic-mbox-ps-freertos.o

.debug_str      0x0000000000000000    0x22aa6
 .debug_str     0x0000000000000000     0x9a76 kernel/list.o
                                       0x9d2a (size before relaxing)
 .debug_str     0x0000000000009a76     0x2631 kernel/tasks.o
                                       0xc3ce (size before relaxing)
 .debug_str     0x000000000000c0a7      0x15f kernel/portable/GCC/RISC-V/port.o
                                       0xa366 (size before relaxing)
 .debug_str     0x000000000000c206       0x64 kernel/portable/GCC/RISC-V/portASM.o
                                         0xc3 (size before relaxing)
 .debug_str     0x000000000000c26a     0x7c3c libc/syscalls.o
                                      0x12157 (size before relaxing)
 .debug_str     0x0000000000013ea6     0x1df7 libc/malloc/cl_l1_malloc.o
                                       0x9c79 (size before relaxing)
 .debug_str     0x0000000000015c9d      0x13f libc/malloc/malloc_internal.o
                                       0x76d7 (size before relaxing)
 .debug_str     0x0000000000015ddc       0x4e target/control-pulp/crt0.o
                                         0xb9 (size before relaxing)
 .debug_str     0x0000000000015e2a     0x338a target/control-pulp/system.o
                                      0x12b7f (size before relaxing)
 .debug_str     0x00000000000191b4       0x51 target/control-pulp/vectors.o
                                         0xbc (size before relaxing)
 .debug_str     0x0000000000019205       0x51 target/control-pulp/cluster.o
                                         0xbc (size before relaxing)
 .debug_str     0x0000000000019256       0x6f drivers/clkconst.o
                                       0x49a3 (size before relaxing)
 .debug_str     0x00000000000192c5     0x2154 drivers/cluster/cl_to_fc_delegate.o
                                      0x127ba (size before relaxing)
 .debug_str     0x000000000001b419     0x41d6 drivers/cluster/fc_to_cl_delegate.o
                                      0x16502 (size before relaxing)
 .debug_str     0x000000000001f5ef      0x114 drivers/clic.o
                                       0x73eb (size before relaxing)
 .debug_str     0x000000000001f703      0x3d9 drivers/soc_eu.o
                                       0x5c40 (size before relaxing)
 .debug_str     0x000000000001fadc       0xdf drivers/fc_event.o
                                       0x80b3 (size before relaxing)
 .debug_str     0x000000000001fbbb      0x2a7 drivers/pmsis_task.o
                                      0x10bce (size before relaxing)
 .debug_str     0x000000000001fe62        0xa handler.o
                                         0x75 (size before relaxing)
 .debug_str     0x000000000001fe6c     0x2c3a clic-mbox-ps-freertos.o
                                      0x16250 (size before relaxing)

.comment        0x0000000000000000       0x2c
 .comment       0x0000000000000000       0x2c kernel/list.o
                                         0x2d (size before relaxing)
 .comment       0x000000000000002c       0x2d kernel/tasks.o
 .comment       0x000000000000002c       0x2d kernel/portable/GCC/RISC-V/port.o
 .comment       0x000000000000002c       0x2d libc/syscalls.o
 .comment       0x000000000000002c       0x2d libc/malloc/cl_l1_malloc.o
 .comment       0x000000000000002c       0x2d libc/malloc/malloc_internal.o
 .comment       0x000000000000002c       0x2d target/control-pulp/system.o
 .comment       0x000000000000002c       0x2d drivers/clkconst.o
 .comment       0x000000000000002c       0x2d drivers/cluster/cl_to_fc_delegate.o
 .comment       0x000000000000002c       0x2d drivers/cluster/fc_to_cl_delegate.o
 .comment       0x000000000000002c       0x2d drivers/clic.o
 .comment       0x000000000000002c       0x2d drivers/soc_eu.o
 .comment       0x000000000000002c       0x2d drivers/fc_event.o
 .comment       0x000000000000002c       0x2d drivers/pmsis_task.o
 .comment       0x000000000000002c       0x2d clic-mbox-ps-freertos.o
 .comment       0x000000000000002c       0x2d /usr/pack/riscv-1.0-kgf/pulp-gcc-2.5.0-rc1/bin/../lib/gcc/riscv32-unknown-elf/9.2.0/../../../../riscv32-unknown-elf/lib/libc_nano.a(lib_a-abort.o)
 .comment       0x000000000000002c       0x2d /usr/pack/riscv-1.0-kgf/pulp-gcc-2.5.0-rc1/bin/../lib/gcc/riscv32-unknown-elf/9.2.0/../../../../riscv32-unknown-elf/lib/libc_nano.a(lib_a-assert.o)
 .comment       0x000000000000002c       0x2d /usr/pack/riscv-1.0-kgf/pulp-gcc-2.5.0-rc1/bin/../lib/gcc/riscv32-unknown-elf/9.2.0/../../../../riscv32-unknown-elf/lib/libc_nano.a(lib_a-atexit.o)
 .comment       0x000000000000002c       0x2d /usr/pack/riscv-1.0-kgf/pulp-gcc-2.5.0-rc1/bin/../lib/gcc/riscv32-unknown-elf/9.2.0/../../../../riscv32-unknown-elf/lib/libc_nano.a(lib_a-exit.o)
 .comment       0x000000000000002c       0x2d /usr/pack/riscv-1.0-kgf/pulp-gcc-2.5.0-rc1/bin/../lib/gcc/riscv32-unknown-elf/9.2.0/../../../../riscv32-unknown-elf/lib/libc_nano.a(lib_a-fini.o)
 .comment       0x000000000000002c       0x2d /usr/pack/riscv-1.0-kgf/pulp-gcc-2.5.0-rc1/bin/../lib/gcc/riscv32-unknown-elf/9.2.0/../../../../riscv32-unknown-elf/lib/libc_nano.a(lib_a-fprintf.o)
 .comment       0x000000000000002c       0x2d /usr/pack/riscv-1.0-kgf/pulp-gcc-2.5.0-rc1/bin/../lib/gcc/riscv32-unknown-elf/9.2.0/../../../../riscv32-unknown-elf/lib/libc_nano.a(lib_a-impure.o)
 .comment       0x000000000000002c       0x2d /usr/pack/riscv-1.0-kgf/pulp-gcc-2.5.0-rc1/bin/../lib/gcc/riscv32-unknown-elf/9.2.0/../../../../riscv32-unknown-elf/lib/libc_nano.a(lib_a-init.o)
 .comment       0x000000000000002c       0x2d /usr/pack/riscv-1.0-kgf/pulp-gcc-2.5.0-rc1/bin/../lib/gcc/riscv32-unknown-elf/9.2.0/../../../../riscv32-unknown-elf/lib/libc_nano.a(lib_a-nano-freer.o)
 .comment       0x000000000000002c       0x2d /usr/pack/riscv-1.0-kgf/pulp-gcc-2.5.0-rc1/bin/../lib/gcc/riscv32-unknown-elf/9.2.0/../../../../riscv32-unknown-elf/lib/libc_nano.a(lib_a-nano-mallocr.o)
 .comment       0x000000000000002c       0x2d /usr/pack/riscv-1.0-kgf/pulp-gcc-2.5.0-rc1/bin/../lib/gcc/riscv32-unknown-elf/9.2.0/../../../../riscv32-unknown-elf/lib/libc_nano.a(lib_a-nano-vfprintf.o)
 .comment       0x000000000000002c       0x2d /usr/pack/riscv-1.0-kgf/pulp-gcc-2.5.0-rc1/bin/../lib/gcc/riscv32-unknown-elf/9.2.0/../../../../riscv32-unknown-elf/lib/libc_nano.a(lib_a-printf.o)
 .comment       0x000000000000002c       0x2d /usr/pack/riscv-1.0-kgf/pulp-gcc-2.5.0-rc1/bin/../lib/gcc/riscv32-unknown-elf/9.2.0/../../../../riscv32-unknown-elf/lib/libc_nano.a(lib_a-puts.o)
 .comment       0x000000000000002c       0x2d /usr/pack/riscv-1.0-kgf/pulp-gcc-2.5.0-rc1/bin/../lib/gcc/riscv32-unknown-elf/9.2.0/../../../../riscv32-unknown-elf/lib/libc_nano.a(lib_a-reent.o)
 .comment       0x000000000000002c       0x2d /usr/pack/riscv-1.0-kgf/pulp-gcc-2.5.0-rc1/bin/../lib/gcc/riscv32-unknown-elf/9.2.0/../../../../riscv32-unknown-elf/lib/libc_nano.a(lib_a-sbrkr.o)
 .comment       0x000000000000002c       0x2d /usr/pack/riscv-1.0-kgf/pulp-gcc-2.5.0-rc1/bin/../lib/gcc/riscv32-unknown-elf/9.2.0/../../../../riscv32-unknown-elf/lib/libc_nano.a(lib_a-signal.o)
 .comment       0x000000000000002c       0x2d /usr/pack/riscv-1.0-kgf/pulp-gcc-2.5.0-rc1/bin/../lib/gcc/riscv32-unknown-elf/9.2.0/../../../../riscv32-unknown-elf/lib/libc_nano.a(lib_a-signalr.o)
 .comment       0x000000000000002c       0x2d /usr/pack/riscv-1.0-kgf/pulp-gcc-2.5.0-rc1/bin/../lib/gcc/riscv32-unknown-elf/9.2.0/../../../../riscv32-unknown-elf/lib/libc_nano.a(lib_a-wbuf.o)
 .comment       0x000000000000002c       0x2d /usr/pack/riscv-1.0-kgf/pulp-gcc-2.5.0-rc1/bin/../lib/gcc/riscv32-unknown-elf/9.2.0/../../../../riscv32-unknown-elf/lib/libc_nano.a(lib_a-wsetup.o)
 .comment       0x000000000000002c       0x2d /usr/pack/riscv-1.0-kgf/pulp-gcc-2.5.0-rc1/bin/../lib/gcc/riscv32-unknown-elf/9.2.0/../../../../riscv32-unknown-elf/lib/libc_nano.a(lib_a-__atexit.o)
 .comment       0x000000000000002c       0x2d /usr/pack/riscv-1.0-kgf/pulp-gcc-2.5.0-rc1/bin/../lib/gcc/riscv32-unknown-elf/9.2.0/../../../../riscv32-unknown-elf/lib/libc_nano.a(lib_a-__call_atexit.o)
 .comment       0x000000000000002c       0x2d /usr/pack/riscv-1.0-kgf/pulp-gcc-2.5.0-rc1/bin/../lib/gcc/riscv32-unknown-elf/9.2.0/../../../../riscv32-unknown-elf/lib/libc_nano.a(lib_a-fflush.o)
 .comment       0x000000000000002c       0x2d /usr/pack/riscv-1.0-kgf/pulp-gcc-2.5.0-rc1/bin/../lib/gcc/riscv32-unknown-elf/9.2.0/../../../../riscv32-unknown-elf/lib/libc_nano.a(lib_a-findfp.o)
 .comment       0x000000000000002c       0x2d /usr/pack/riscv-1.0-kgf/pulp-gcc-2.5.0-rc1/bin/../lib/gcc/riscv32-unknown-elf/9.2.0/../../../../riscv32-unknown-elf/lib/libc_nano.a(lib_a-fwalk.o)
 .comment       0x000000000000002c       0x2d /usr/pack/riscv-1.0-kgf/pulp-gcc-2.5.0-rc1/bin/../lib/gcc/riscv32-unknown-elf/9.2.0/../../../../riscv32-unknown-elf/lib/libc_nano.a(lib_a-makebuf.o)
 .comment       0x000000000000002c       0x2d /usr/pack/riscv-1.0-kgf/pulp-gcc-2.5.0-rc1/bin/../lib/gcc/riscv32-unknown-elf/9.2.0/../../../../riscv32-unknown-elf/lib/libc_nano.a(lib_a-memchr.o)
 .comment       0x000000000000002c       0x2d /usr/pack/riscv-1.0-kgf/pulp-gcc-2.5.0-rc1/bin/../lib/gcc/riscv32-unknown-elf/9.2.0/../../../../riscv32-unknown-elf/lib/libc_nano.a(lib_a-nano-vfprintf_i.o)
 .comment       0x000000000000002c       0x2d /usr/pack/riscv-1.0-kgf/pulp-gcc-2.5.0-rc1/bin/../lib/gcc/riscv32-unknown-elf/9.2.0/../../../../riscv32-unknown-elf/lib/libc_nano.a(lib_a-stdio.o)
 .comment       0x000000000000002c       0x2d /usr/pack/riscv-1.0-kgf/pulp-gcc-2.5.0-rc1/bin/../lib/gcc/riscv32-unknown-elf/9.2.0/../../../../riscv32-unknown-elf/lib/libc_nano.a(lib_a-writer.o)
 .comment       0x000000000000002c       0x2d /usr/pack/riscv-1.0-kgf/pulp-gcc-2.5.0-rc1/bin/../lib/gcc/riscv32-unknown-elf/9.2.0/../../../../riscv32-unknown-elf/lib/libc_nano.a(lib_a-closer.o)
 .comment       0x000000000000002c       0x2d /usr/pack/riscv-1.0-kgf/pulp-gcc-2.5.0-rc1/bin/../lib/gcc/riscv32-unknown-elf/9.2.0/../../../../riscv32-unknown-elf/lib/libc_nano.a(lib_a-fstatr.o)
 .comment       0x000000000000002c       0x2d /usr/pack/riscv-1.0-kgf/pulp-gcc-2.5.0-rc1/bin/../lib/gcc/riscv32-unknown-elf/9.2.0/../../../../riscv32-unknown-elf/lib/libc_nano.a(lib_a-isattyr.o)
 .comment       0x000000000000002c       0x2d /usr/pack/riscv-1.0-kgf/pulp-gcc-2.5.0-rc1/bin/../lib/gcc/riscv32-unknown-elf/9.2.0/../../../../riscv32-unknown-elf/lib/libc_nano.a(lib_a-lseekr.o)
 .comment       0x000000000000002c       0x2d /usr/pack/riscv-1.0-kgf/pulp-gcc-2.5.0-rc1/bin/../lib/gcc/riscv32-unknown-elf/9.2.0/../../../../riscv32-unknown-elf/lib/libc_nano.a(lib_a-readr.o)

.riscv.attributes
                0x0000000000000000       0x3e
 .riscv.attributes
                0x0000000000000000       0x3e kernel/list.o
 .riscv.attributes
                0x000000000000003e       0x3e kernel/tasks.o
 .riscv.attributes
                0x000000000000007c       0x3e kernel/portable/GCC/RISC-V/port.o
 .riscv.attributes
                0x00000000000000ba       0x3c kernel/portable/GCC/RISC-V/portASM.o
 .riscv.attributes
                0x00000000000000f6       0x3e libc/syscalls.o
 .riscv.attributes
                0x0000000000000134       0x3e libc/malloc/cl_l1_malloc.o
 .riscv.attributes
                0x0000000000000172       0x3e libc/malloc/malloc_internal.o
 .riscv.attributes
                0x00000000000001b0       0x3c target/control-pulp/crt0.o
 .riscv.attributes
                0x00000000000001ec       0x3e target/control-pulp/system.o
 .riscv.attributes
                0x000000000000022a       0x3c target/control-pulp/vectors.o
 .riscv.attributes
                0x0000000000000266       0x3c target/control-pulp/cluster.o
 .riscv.attributes
                0x00000000000002a2       0x3e drivers/clkconst.o
 .riscv.attributes
                0x00000000000002e0       0x3e drivers/cluster/cl_to_fc_delegate.o
 .riscv.attributes
                0x000000000000031e       0x3e drivers/cluster/fc_to_cl_delegate.o
 .riscv.attributes
                0x000000000000035c       0x3e drivers/clic.o
 .riscv.attributes
                0x000000000000039a       0x3e drivers/soc_eu.o
 .riscv.attributes
                0x00000000000003d8       0x3e drivers/fc_event.o
 .riscv.attributes
                0x0000000000000416       0x3e drivers/pmsis_task.o
 .riscv.attributes
                0x0000000000000454       0x3c handler.o
 .riscv.attributes
                0x0000000000000490       0x3e clic-mbox-ps-freertos.o
 .riscv.attributes
                0x00000000000004ce       0x26 /usr/pack/riscv-1.0-kgf/pulp-gcc-2.5.0-rc1/bin/../lib/gcc/riscv32-unknown-elf/9.2.0/../../../../riscv32-unknown-elf/lib/libc_nano.a(lib_a-abort.o)
 .riscv.attributes
                0x00000000000004f4       0x26 /usr/pack/riscv-1.0-kgf/pulp-gcc-2.5.0-rc1/bin/../lib/gcc/riscv32-unknown-elf/9.2.0/../../../../riscv32-unknown-elf/lib/libc_nano.a(lib_a-assert.o)
 .riscv.attributes
                0x000000000000051a       0x26 /usr/pack/riscv-1.0-kgf/pulp-gcc-2.5.0-rc1/bin/../lib/gcc/riscv32-unknown-elf/9.2.0/../../../../riscv32-unknown-elf/lib/libc_nano.a(lib_a-atexit.o)
 .riscv.attributes
                0x0000000000000540       0x26 /usr/pack/riscv-1.0-kgf/pulp-gcc-2.5.0-rc1/bin/../lib/gcc/riscv32-unknown-elf/9.2.0/../../../../riscv32-unknown-elf/lib/libc_nano.a(lib_a-exit.o)
 .riscv.attributes
                0x0000000000000566       0x26 /usr/pack/riscv-1.0-kgf/pulp-gcc-2.5.0-rc1/bin/../lib/gcc/riscv32-unknown-elf/9.2.0/../../../../riscv32-unknown-elf/lib/libc_nano.a(lib_a-fini.o)
 .riscv.attributes
                0x000000000000058c       0x26 /usr/pack/riscv-1.0-kgf/pulp-gcc-2.5.0-rc1/bin/../lib/gcc/riscv32-unknown-elf/9.2.0/../../../../riscv32-unknown-elf/lib/libc_nano.a(lib_a-fprintf.o)
 .riscv.attributes
                0x00000000000005b2       0x26 /usr/pack/riscv-1.0-kgf/pulp-gcc-2.5.0-rc1/bin/../lib/gcc/riscv32-unknown-elf/9.2.0/../../../../riscv32-unknown-elf/lib/libc_nano.a(lib_a-impure.o)
 .riscv.attributes
                0x00000000000005d8       0x26 /usr/pack/riscv-1.0-kgf/pulp-gcc-2.5.0-rc1/bin/../lib/gcc/riscv32-unknown-elf/9.2.0/../../../../riscv32-unknown-elf/lib/libc_nano.a(lib_a-init.o)
 .riscv.attributes
                0x00000000000005fe       0x24 /usr/pack/riscv-1.0-kgf/pulp-gcc-2.5.0-rc1/bin/../lib/gcc/riscv32-unknown-elf/9.2.0/../../../../riscv32-unknown-elf/lib/libc_nano.a(lib_a-memcpy-asm.o)
 .riscv.attributes
                0x0000000000000622       0x24 /usr/pack/riscv-1.0-kgf/pulp-gcc-2.5.0-rc1/bin/../lib/gcc/riscv32-unknown-elf/9.2.0/../../../../riscv32-unknown-elf/lib/libc_nano.a(lib_a-memset.o)
 .riscv.attributes
                0x0000000000000646       0x26 /usr/pack/riscv-1.0-kgf/pulp-gcc-2.5.0-rc1/bin/../lib/gcc/riscv32-unknown-elf/9.2.0/../../../../riscv32-unknown-elf/lib/libc_nano.a(lib_a-nano-freer.o)
 .riscv.attributes
                0x000000000000066c       0x26 /usr/pack/riscv-1.0-kgf/pulp-gcc-2.5.0-rc1/bin/../lib/gcc/riscv32-unknown-elf/9.2.0/../../../../riscv32-unknown-elf/lib/libc_nano.a(lib_a-nano-mallocr.o)
 .riscv.attributes
                0x0000000000000692       0x26 /usr/pack/riscv-1.0-kgf/pulp-gcc-2.5.0-rc1/bin/../lib/gcc/riscv32-unknown-elf/9.2.0/../../../../riscv32-unknown-elf/lib/libc_nano.a(lib_a-nano-vfprintf.o)
 .riscv.attributes
                0x00000000000006b8       0x26 /usr/pack/riscv-1.0-kgf/pulp-gcc-2.5.0-rc1/bin/../lib/gcc/riscv32-unknown-elf/9.2.0/../../../../riscv32-unknown-elf/lib/libc_nano.a(lib_a-printf.o)
 .riscv.attributes
                0x00000000000006de       0x26 /usr/pack/riscv-1.0-kgf/pulp-gcc-2.5.0-rc1/bin/../lib/gcc/riscv32-unknown-elf/9.2.0/../../../../riscv32-unknown-elf/lib/libc_nano.a(lib_a-puts.o)
 .riscv.attributes
                0x0000000000000704       0x26 /usr/pack/riscv-1.0-kgf/pulp-gcc-2.5.0-rc1/bin/../lib/gcc/riscv32-unknown-elf/9.2.0/../../../../riscv32-unknown-elf/lib/libc_nano.a(lib_a-reent.o)
 .riscv.attributes
                0x000000000000072a       0x26 /usr/pack/riscv-1.0-kgf/pulp-gcc-2.5.0-rc1/bin/../lib/gcc/riscv32-unknown-elf/9.2.0/../../../../riscv32-unknown-elf/lib/libc_nano.a(lib_a-sbrkr.o)
 .riscv.attributes
                0x0000000000000750       0x26 /usr/pack/riscv-1.0-kgf/pulp-gcc-2.5.0-rc1/bin/../lib/gcc/riscv32-unknown-elf/9.2.0/../../../../riscv32-unknown-elf/lib/libc_nano.a(lib_a-signal.o)
 .riscv.attributes
                0x0000000000000776       0x26 /usr/pack/riscv-1.0-kgf/pulp-gcc-2.5.0-rc1/bin/../lib/gcc/riscv32-unknown-elf/9.2.0/../../../../riscv32-unknown-elf/lib/libc_nano.a(lib_a-signalr.o)
 .riscv.attributes
                0x000000000000079c       0x26 /usr/pack/riscv-1.0-kgf/pulp-gcc-2.5.0-rc1/bin/../lib/gcc/riscv32-unknown-elf/9.2.0/../../../../riscv32-unknown-elf/lib/libc_nano.a(lib_a-wbuf.o)
 .riscv.attributes
                0x00000000000007c2       0x26 /usr/pack/riscv-1.0-kgf/pulp-gcc-2.5.0-rc1/bin/../lib/gcc/riscv32-unknown-elf/9.2.0/../../../../riscv32-unknown-elf/lib/libc_nano.a(lib_a-wsetup.o)
 .riscv.attributes
                0x00000000000007e8       0x26 /usr/pack/riscv-1.0-kgf/pulp-gcc-2.5.0-rc1/bin/../lib/gcc/riscv32-unknown-elf/9.2.0/../../../../riscv32-unknown-elf/lib/libc_nano.a(lib_a-__atexit.o)
 .riscv.attributes
                0x000000000000080e       0x26 /usr/pack/riscv-1.0-kgf/pulp-gcc-2.5.0-rc1/bin/../lib/gcc/riscv32-unknown-elf/9.2.0/../../../../riscv32-unknown-elf/lib/libc_nano.a(lib_a-__call_atexit.o)
 .riscv.attributes
                0x0000000000000834       0x26 /usr/pack/riscv-1.0-kgf/pulp-gcc-2.5.0-rc1/bin/../lib/gcc/riscv32-unknown-elf/9.2.0/../../../../riscv32-unknown-elf/lib/libc_nano.a(lib_a-fflush.o)
 .riscv.attributes
                0x000000000000085a       0x26 /usr/pack/riscv-1.0-kgf/pulp-gcc-2.5.0-rc1/bin/../lib/gcc/riscv32-unknown-elf/9.2.0/../../../../riscv32-unknown-elf/lib/libc_nano.a(lib_a-findfp.o)
 .riscv.attributes
                0x0000000000000880       0x26 /usr/pack/riscv-1.0-kgf/pulp-gcc-2.5.0-rc1/bin/../lib/gcc/riscv32-unknown-elf/9.2.0/../../../../riscv32-unknown-elf/lib/libc_nano.a(lib_a-fwalk.o)
 .riscv.attributes
                0x00000000000008a6       0x26 /usr/pack/riscv-1.0-kgf/pulp-gcc-2.5.0-rc1/bin/../lib/gcc/riscv32-unknown-elf/9.2.0/../../../../riscv32-unknown-elf/lib/libc_nano.a(lib_a-makebuf.o)
 .riscv.attributes
                0x00000000000008cc       0x26 /usr/pack/riscv-1.0-kgf/pulp-gcc-2.5.0-rc1/bin/../lib/gcc/riscv32-unknown-elf/9.2.0/../../../../riscv32-unknown-elf/lib/libc_nano.a(lib_a-memchr.o)
 .riscv.attributes
                0x00000000000008f2       0x26 /usr/pack/riscv-1.0-kgf/pulp-gcc-2.5.0-rc1/bin/../lib/gcc/riscv32-unknown-elf/9.2.0/../../../../riscv32-unknown-elf/lib/libc_nano.a(lib_a-nano-vfprintf_i.o)
 .riscv.attributes
                0x0000000000000918       0x26 /usr/pack/riscv-1.0-kgf/pulp-gcc-2.5.0-rc1/bin/../lib/gcc/riscv32-unknown-elf/9.2.0/../../../../riscv32-unknown-elf/lib/libc_nano.a(lib_a-stdio.o)
 .riscv.attributes
                0x000000000000093e       0x26 /usr/pack/riscv-1.0-kgf/pulp-gcc-2.5.0-rc1/bin/../lib/gcc/riscv32-unknown-elf/9.2.0/../../../../riscv32-unknown-elf/lib/libc_nano.a(lib_a-writer.o)
 .riscv.attributes
                0x0000000000000964       0x26 /usr/pack/riscv-1.0-kgf/pulp-gcc-2.5.0-rc1/bin/../lib/gcc/riscv32-unknown-elf/9.2.0/../../../../riscv32-unknown-elf/lib/libc_nano.a(lib_a-closer.o)
 .riscv.attributes
                0x000000000000098a       0x26 /usr/pack/riscv-1.0-kgf/pulp-gcc-2.5.0-rc1/bin/../lib/gcc/riscv32-unknown-elf/9.2.0/../../../../riscv32-unknown-elf/lib/libc_nano.a(lib_a-fstatr.o)
 .riscv.attributes
                0x00000000000009b0       0x26 /usr/pack/riscv-1.0-kgf/pulp-gcc-2.5.0-rc1/bin/../lib/gcc/riscv32-unknown-elf/9.2.0/../../../../riscv32-unknown-elf/lib/libc_nano.a(lib_a-isattyr.o)
 .riscv.attributes
                0x00000000000009d6       0x26 /usr/pack/riscv-1.0-kgf/pulp-gcc-2.5.0-rc1/bin/../lib/gcc/riscv32-unknown-elf/9.2.0/../../../../riscv32-unknown-elf/lib/libc_nano.a(lib_a-lseekr.o)
 .riscv.attributes
                0x00000000000009fc       0x26 /usr/pack/riscv-1.0-kgf/pulp-gcc-2.5.0-rc1/bin/../lib/gcc/riscv32-unknown-elf/9.2.0/../../../../riscv32-unknown-elf/lib/libc_nano.a(lib_a-readr.o)

.debug_frame    0x0000000000000000     0x1534
 .debug_frame   0x0000000000000000       0x60 kernel/list.o
 .debug_frame   0x0000000000000060      0x8c0 kernel/tasks.o
 .debug_frame   0x0000000000000920       0x40 kernel/portable/GCC/RISC-V/port.o
 .debug_frame   0x0000000000000960      0x294 libc/syscalls.o
 .debug_frame   0x0000000000000bf4       0xd4 libc/malloc/cl_l1_malloc.o
 .debug_frame   0x0000000000000cc8       0xa8 libc/malloc/malloc_internal.o
 .debug_frame   0x0000000000000d70       0xcc target/control-pulp/system.o
 .debug_frame   0x0000000000000e3c       0x30 drivers/clkconst.o
 .debug_frame   0x0000000000000e6c       0x90 drivers/cluster/cl_to_fc_delegate.o
 .debug_frame   0x0000000000000efc      0x1fc drivers/cluster/fc_to_cl_delegate.o
 .debug_frame   0x00000000000010f8      0x104 drivers/clic.o
 .debug_frame   0x00000000000011fc       0x50 drivers/soc_eu.o
 .debug_frame   0x000000000000124c       0x80 drivers/fc_event.o
 .debug_frame   0x00000000000012cc      0x198 drivers/pmsis_task.o
 .debug_frame   0x0000000000001464       0xd0 clic-mbox-ps-freertos.o
